Archive member included to satisfy reference by file (symbol)

F:/STM32CubeIDE_1.19.0/STM32CubeIDE/plugins/com.st.stm32cube.ide.mcu.externaltools.gnu-tools-for-stm32.13.3.rel1.win32_1.0.0.202411081344/tools/bin/../lib/gcc/arm-none-eabi/13.3.1/../../../../arm-none-eabi/lib/thumb/v7e-m+dp/hard\libc_nano.a(libc_a-exit.o)
                              F:/STM32CubeIDE_1.19.0/STM32CubeIDE/plugins/com.st.stm32cube.ide.mcu.externaltools.gnu-tools-for-stm32.13.3.rel1.win32_1.0.0.202411081344/tools/bin/../lib/gcc/arm-none-eabi/13.3.1/../../../../arm-none-eabi/lib/thumb/v7e-m+dp/hard/crt0.o (exit)
F:/STM32CubeIDE_1.19.0/STM32CubeIDE/plugins/com.st.stm32cube.ide.mcu.externaltools.gnu-tools-for-stm32.13.3.rel1.win32_1.0.0.202411081344/tools/bin/../lib/gcc/arm-none-eabi/13.3.1/../../../../arm-none-eabi/lib/thumb/v7e-m+dp/hard\libc_nano.a(libc_a-nano-vfprintf_float.o)
                              (_printf_float)
F:/STM32CubeIDE_1.19.0/STM32CubeIDE/plugins/com.st.stm32cube.ide.mcu.externaltools.gnu-tools-for-stm32.13.3.rel1.win32_1.0.0.202411081344/tools/bin/../lib/gcc/arm-none-eabi/13.3.1/../../../../arm-none-eabi/lib/thumb/v7e-m+dp/hard\libc_nano.a(libc_a-nano-vfprintf_i.o)
                              F:/STM32CubeIDE_1.19.0/STM32CubeIDE/plugins/com.st.stm32cube.ide.mcu.externaltools.gnu-tools-for-stm32.13.3.rel1.win32_1.0.0.202411081344/tools/bin/../lib/gcc/arm-none-eabi/13.3.1/../../../../arm-none-eabi/lib/thumb/v7e-m+dp/hard\libc_nano.a(libc_a-nano-vfprintf_float.o) (_printf_common)
F:/STM32CubeIDE_1.19.0/STM32CubeIDE/plugins/com.st.stm32cube.ide.mcu.externaltools.gnu-tools-for-stm32.13.3.rel1.win32_1.0.0.202411081344/tools/bin/../lib/gcc/arm-none-eabi/13.3.1/../../../../arm-none-eabi/lib/thumb/v7e-m+dp/hard\libc_nano.a(libc_a-findfp.o)
                              F:/STM32CubeIDE_1.19.0/STM32CubeIDE/plugins/com.st.stm32cube.ide.mcu.externaltools.gnu-tools-for-stm32.13.3.rel1.win32_1.0.0.202411081344/tools/bin/../lib/gcc/arm-none-eabi/13.3.1/../../../../arm-none-eabi/lib/thumb/v7e-m+dp/hard\libc_nano.a(libc_a-exit.o) (__stdio_exit_handler)
F:/STM32CubeIDE_1.19.0/STM32CubeIDE/plugins/com.st.stm32cube.ide.mcu.externaltools.gnu-tools-for-stm32.13.3.rel1.win32_1.0.0.202411081344/tools/bin/../lib/gcc/arm-none-eabi/13.3.1/../../../../arm-none-eabi/lib/thumb/v7e-m+dp/hard\libc_nano.a(libc_a-fwalk.o)
                              F:/STM32CubeIDE_1.19.0/STM32CubeIDE/plugins/com.st.stm32cube.ide.mcu.externaltools.gnu-tools-for-stm32.13.3.rel1.win32_1.0.0.202411081344/tools/bin/../lib/gcc/arm-none-eabi/13.3.1/../../../../arm-none-eabi/lib/thumb/v7e-m+dp/hard\libc_nano.a(libc_a-findfp.o) (_fwalk_sglue)
F:/STM32CubeIDE_1.19.0/STM32CubeIDE/plugins/com.st.stm32cube.ide.mcu.externaltools.gnu-tools-for-stm32.13.3.rel1.win32_1.0.0.202411081344/tools/bin/../lib/gcc/arm-none-eabi/13.3.1/../../../../arm-none-eabi/lib/thumb/v7e-m+dp/hard\libc_nano.a(libc_a-snprintf.o)
                              ./Core/Src/menu.o (snprintf)
F:/STM32CubeIDE_1.19.0/STM32CubeIDE/plugins/com.st.stm32cube.ide.mcu.externaltools.gnu-tools-for-stm32.13.3.rel1.win32_1.0.0.202411081344/tools/bin/../lib/gcc/arm-none-eabi/13.3.1/../../../../arm-none-eabi/lib/thumb/v7e-m+dp/hard\libc_nano.a(libc_a-stdio.o)
                              F:/STM32CubeIDE_1.19.0/STM32CubeIDE/plugins/com.st.stm32cube.ide.mcu.externaltools.gnu-tools-for-stm32.13.3.rel1.win32_1.0.0.202411081344/tools/bin/../lib/gcc/arm-none-eabi/13.3.1/../../../../arm-none-eabi/lib/thumb/v7e-m+dp/hard\libc_nano.a(libc_a-findfp.o) (__sread)
F:/STM32CubeIDE_1.19.0/STM32CubeIDE/plugins/com.st.stm32cube.ide.mcu.externaltools.gnu-tools-for-stm32.13.3.rel1.win32_1.0.0.202411081344/tools/bin/../lib/gcc/arm-none-eabi/13.3.1/../../../../arm-none-eabi/lib/thumb/v7e-m+dp/hard\libc_nano.a(libc_a-vsprintf.o)
                              ./Core/Src/OLED.o (vsprintf)
F:/STM32CubeIDE_1.19.0/STM32CubeIDE/plugins/com.st.stm32cube.ide.mcu.externaltools.gnu-tools-for-stm32.13.3.rel1.win32_1.0.0.202411081344/tools/bin/../lib/gcc/arm-none-eabi/13.3.1/../../../../arm-none-eabi/lib/thumb/v7e-m+dp/hard\libc_nano.a(libc_a-memset.o)
                              F:/STM32CubeIDE_1.19.0/STM32CubeIDE/plugins/com.st.stm32cube.ide.mcu.externaltools.gnu-tools-for-stm32.13.3.rel1.win32_1.0.0.202411081344/tools/bin/../lib/gcc/arm-none-eabi/13.3.1/../../../../arm-none-eabi/lib/thumb/v7e-m+dp/hard/crt0.o (memset)
F:/STM32CubeIDE_1.19.0/STM32CubeIDE/plugins/com.st.stm32cube.ide.mcu.externaltools.gnu-tools-for-stm32.13.3.rel1.win32_1.0.0.202411081344/tools/bin/../lib/gcc/arm-none-eabi/13.3.1/../../../../arm-none-eabi/lib/thumb/v7e-m+dp/hard\libc_nano.a(libc_a-localeconv.o)
                              F:/STM32CubeIDE_1.19.0/STM32CubeIDE/plugins/com.st.stm32cube.ide.mcu.externaltools.gnu-tools-for-stm32.13.3.rel1.win32_1.0.0.202411081344/tools/bin/../lib/gcc/arm-none-eabi/13.3.1/../../../../arm-none-eabi/lib/thumb/v7e-m+dp/hard\libc_nano.a(libc_a-nano-vfprintf_float.o) (_localeconv_r)
[...]
Memory Configuration

Name             Origin             Length             Attributes
RAM_D1           0x24000000         0x00080000         xrw
FLASH            0x08000000         0x00100000         xr
DTCMRAM          0x20000000         0x00020000         xrw
RAM_D2           0x30000000         0x00048000         xrw
RAM_D3           0x38000000         0x00010000         xrw
ITCMRAM          0x00000000         0x00010000         xrw
*default*        0x00000000         0xffffffff

Linker script and memory map

LOAD F:/STM32CubeIDE_1.19.0/STM32CubeIDE/plugins/com.st.stm32cube.ide.mcu.externaltools.gnu-tools-for-stm32.13.3.rel1.win32_1.0.0.202411081344/tools/bin/../lib/gcc/arm-none-eabi/13.3.1/thumb/v7e-m+dp/hard/crti.o
LOAD F:/STM32CubeIDE_1.19.0/STM32CubeIDE/plugins/com.st.stm32cube.ide.mcu.externaltools.gnu-tools-for-stm32.13.3.rel1.win32_1.0.0.202411081344/tools/bin/../lib/gcc/arm-none-eabi/13.3.1/thumb/v7e-m+dp/hard/crtbegin.o
LOAD F:/STM32CubeIDE_1.19.0/STM32CubeIDE/plugins/com.st.stm32cube.ide.mcu.externaltools.gnu-tools-for-stm32.13.3.rel1.win32_1.0.0.202411081344/tools/bin/../lib/gcc/arm-none-eabi/13.3.1/../../../../arm-none-eabi/lib/thumb/v7e-m+dp/hard/crt0.o
LOAD ./Common/Src/system_stm32h7xx_dualcore_boot_cm4_cm7.o
LOAD ./Core/Src/OLED.o
LOAD ./Core/Src/OLED_Data.o
LOAD ./Core/Src/adc.o
LOAD ./Core/Src/capture_adc.o
LOAD ./Core/Src/dac.o
LOAD ./Core/Src/dma.o
LOAD ./Core/Src/dsp_fft.o
LOAD ./Core/Src/gen_dac.o
LOAD ./Core/Src/gpio.o
LOAD ./Core/Src/i2c.o
LOAD ./Core/Src/keys.o
LOAD ./Core/Src/main.o
LOAD ./Core/Src/menu.o
LOAD ./Core/Src/stm32h7xx_hal_msp.o
LOAD ./Core/Src/stm32h7xx_it.o
LOAD ./Core/Src/syscalls.o
LOAD ./Core/Src/sysmem.o
LOAD ./Core/Src/tim.o
LOAD ./Core/Src/usart.o
LOAD ./Core/Src/viz.o
LOAD ./Core/Startup/startup_stm32h745zitx.o
LOAD ./Drivers/STM32H7xx_HAL_Driver/stm32h7xx_hal.o
LOAD ./Drivers/STM32H7xx_HAL_Driver/stm32h7xx_hal_adc.o
LOAD ./Drivers/STM32H7xx_HAL_Driver/stm32h7xx_hal_adc_ex.o
LOAD ./Drivers/STM32H7xx_HAL_Driver/stm32h7xx_hal_cortex.o
LOAD ./Drivers/STM32H7xx_HAL_Driver/stm32h7xx_hal_dac.o
LOAD ./Drivers/STM32H7xx_HAL_Driver/stm32h7xx_hal_dac_ex.o
LOAD ./Drivers/STM32H7xx_HAL_Driver/stm32h7xx_hal_dma.o
LOAD ./Drivers/STM32H7xx_HAL_Driver/stm32h7xx_hal_dma_ex.o
LOAD ./Drivers/STM32H7xx_HAL_Driver/stm32h7xx_hal_exti.o
LOAD ./Drivers/STM32H7xx_HAL_Driver/stm32h7xx_hal_flash.o
LOAD ./Drivers/STM32H7xx_HAL_Driver/stm32h7xx_hal_flash_ex.o
LOAD ./Drivers/STM32H7xx_HAL_Driver/stm32h7xx_hal_gpio.o
LOAD ./Drivers/STM32H7xx_HAL_Driver/stm32h7xx_hal_hsem.o
LOAD ./Drivers/STM32H7xx_HAL_Driver/stm32h7xx_hal_i2c.o
LOAD ./Drivers/STM32H7xx_HAL_Driver/stm32h7xx_hal_i2c_ex.o
LOAD ./Drivers/STM32H7xx_HAL_Driver/stm32h7xx_hal_mdma.o
LOAD ./Drivers/STM32H7xx_HAL_Driver/stm32h7xx_hal_pwr.o
LOAD ./Drivers/STM32H7xx_HAL_Driver/stm32h7xx_hal_pwr_ex.o
LOAD ./Drivers/STM32H7xx_HAL_Driver/stm32h7xx_hal_rcc.o
LOAD ./Drivers/STM32H7xx_HAL_Driver/stm32h7xx_hal_rcc_ex.o
LOAD ./Drivers/STM32H7xx_HAL_Driver/stm32h7xx_hal_tim.o
LOAD ./Drivers/STM32H7xx_HAL_Driver/stm32h7xx_hal_tim_ex.o
LOAD ./Drivers/STM32H7xx_HAL_Driver/stm32h7xx_hal_uart.o
LOAD ./Drivers/STM32H7xx_HAL_Driver/stm32h7xx_hal_uart_ex.o
LOAD ./dsp1/arm_bitreversal2.o
LOAD ./dsp1/arm_cfft_f32.o
LOAD ./dsp1/arm_cfft_init_f32.o
LOAD ./dsp1/arm_cfft_radix8_f32.o
LOAD ./dsp1/arm_cmplx_mag_f32.o
LOAD ./dsp1/arm_common_tables.o
LOAD ./dsp1/arm_const_structs.o
LOAD ./dsp1/arm_cos_f32.o
LOAD ./dsp1/arm_max_f32.o
LOAD ./dsp1/arm_mean_f32.o
LOAD ./dsp1/arm_mult_f32.o
LOAD ./dsp1/arm_offset_f32.o
LOAD ./dsp1/arm_rfft_fast_f32.o
LOAD ./dsp1/arm_rfft_fast_init_f32.o
START GROUP
LOAD F:/STM32CubeIDE_1.19.0/STM32CubeIDE/plugins/com.st.stm32cube.ide.mcu.externaltools.gnu-tools-for-stm32.13.3.rel1.win32_1.0.0.202411081344/tools/bin/../lib/gcc/arm-none-eabi/13.3.1/../../../../arm-none-eabi/lib/thumb/v7e-m+dp/hard\libc_nano.a
LOAD F:/STM32CubeIDE_1.19.0/STM32CubeIDE/plugins/com.st.stm32cube.ide.mcu.externaltools.gnu-tools-for-stm32.13.3.rel1.win32_1.0.0.202411081344/tools/bin/../lib/gcc/arm-none-eabi/13.3.1/../../../../arm-none-eabi/lib/thumb/v7e-m+dp/hard\libm.a
END GROUP
START GROUP
LOAD F:/STM32CubeIDE_1.19.0/STM32CubeIDE/plugins/com.st.stm32cube.ide.mcu.externaltools.gnu-tools-for-stm32.13.3.rel1.win32_1.0.0.202411081344/tools/bin/../lib/gcc/arm-none-eabi/13.3.1/thumb/v7e-m+dp/hard\libgcc.a
LOAD F:/STM32CubeIDE_1.19.0/STM32CubeIDE/plugins/com.st.stm32cube.ide.mcu.externaltools.gnu-tools-for-stm32.13.3.rel1.win32_1.0.0.202411081344/tools/bin/../lib/gcc/arm-none-eabi/13.3.1/../../../../arm-none-eabi/lib/thumb/v7e-m+dp/hard\libc_nano.a
END GROUP
START GROUP
LOAD F:/STM32CubeIDE_1.19.0/STM32CubeIDE/plugins/com.st.stm32cube.ide.mcu.externaltools.gnu-tools-for-stm32.13.3.rel1.win32_1.0.0.202411081344/tools/bin/../lib/gcc/arm-none-eabi/13.3.1/thumb/v7e-m+dp/hard\libgcc.a
LOAD F:/STM32CubeIDE_1.19.0/STM32CubeIDE/plugins/com.st.stm32cube.ide.mcu.externaltools.gnu-tools-for-stm32.13.3.rel1.win32_1.0.0.202411081344/tools/bin/../lib/gcc/arm-none-eabi/13.3.1/../../../../arm-none-eabi/lib/thumb/v7e-m+dp/hard\libc_nano.a
LOAD F:/STM32CubeIDE_1.19.0/STM32CubeIDE/plugins/com.st.stm32cube.ide.mcu.externaltools.gnu-tools-for-stm32.13.3.rel1.win32_1.0.0.202411081344/tools/bin/../lib/gcc/arm-none-eabi/13.3.1/../../../../arm-none-eabi/lib/thumb/v7e-m+dp/hard\libnosys.a
END GROUP
START GROUP
LOAD F:/STM32CubeIDE_1.19.0/STM32CubeIDE/plugins/com.st.stm32cube.ide.mcu.externaltools.gnu-tools-for-stm32.13.3.rel1.win32_1.0.0.202411081344/tools/bin/../lib/gcc/arm-none-eabi/13.3.1/thumb/v7e-m+dp/hard\libgcc.a
LOAD F:/STM32CubeIDE_1.19.0/STM32CubeIDE/plugins/com.st.stm32cube.ide.mcu.externaltools.gnu-tools-for-stm32.13.3.rel1.win32_1.0.0.202411081344/tools/bin/../lib/gcc/arm-none-eabi/13.3.1/../../../../arm-none-eabi/lib/thumb/v7e-m+dp/hard\libc_nano.a
LOAD F:/STM32CubeIDE_1.19.0/STM32CubeIDE/plugins/com.st.stm32cube.ide.mcu.externaltools.gnu-tools-for-stm32.13.3.rel1.win32_1.0.0.202411081344/tools/bin/../lib/gcc/arm-none-eabi/13.3.1/../../../../arm-none-eabi/lib/thumb/v7e-m+dp/hard\libnosys.a
END GROUP
LOAD F:/STM32CubeIDE_1.19.0/STM32CubeIDE/plugins/com.st.stm32cube.ide.mcu.externaltools.gnu-tools-for-stm32.13.3.rel1.win32_1.0.0.202411081344/tools/bin/../lib/gcc/arm-none-eabi/13.3.1/thumb/v7e-m+dp/hard/crtend.o
LOAD F:/STM32CubeIDE_1.19.0/STM32CubeIDE/plugins/com.st.stm32cube.ide.mcu.externaltools.gnu-tools-for-stm32.13.3.rel1.win32_1.0.0.202411081344/tools/bin/../lib/gcc/arm-none-eabi/13.3.1/thumb/v7e-m+dp/hard/crtn.o
                0x24080000                        _estack = (ORIGIN (RAM_D1) + LENGTH (RAM_D1))
                0x00000200                        _Min_Heap_Size = 0x200
                0x00000400                        _Min_Stack_Size = 0x400

.isr_vector     0x08000000      0x298
                0x08000000                        . = ALIGN (0x4)
 *(.isr_vector)
 .isr_vector    0x08000000      0x298 ./Core/Startup/startup_stm32h745zitx.o
                0x08000000                g_pfnVectors
                0x08000298                        . = ALIGN (0x4)

.text           0x080002a0    0x133d4
                0x080002a0                        . = ALIGN (0x4)
 *(.text)
 .text          0x080002a0       0x40 F:/STM32CubeIDE_1.19.0/STM32CubeIDE/plugins/com.st.stm32cube.ide.mcu.externaltools.gnu-tools-for-stm32.13.3.rel1.win32_1.0.0.202411081344/tools/bin/../lib/gcc/arm-none-eabi/13.3.1/thumb/v7e-m+dp/hard/crtbegin.o
 .text          0x080002e0       0xa0 F:/STM32CubeIDE_1.19.0/STM32CubeIDE/plugins/com.st.stm32cube.ide.mcu.externaltools.gnu-tools-for-stm32.13.3.rel1.win32_1.0.0.202411081344/tools/bin/../lib/gcc/arm-none-eabi/13.3.1/../../../../arm-none-eabi/lib/thumb/v7e-m+dp/hard\libc_nano.a(libc_a-memchr.o)
                0x080002e0                memchr
 .text          0x08000380       0x10 F:/STM32CubeIDE_1.19.0/STM32CubeIDE/plugins/com.st.stm32cube.ide.mcu.externaltools.gnu-tools-for-stm32.13.3.rel1.win32_1.0.0.202411081344/tools/bin/../lib/gcc/arm-none-eabi/13.3.1/../../../../arm-none-eabi/lib/thumb/v7e-m+dp/hard\libc_nano.a(libc_a-strlen.o)
                0x08000380                strlen
 .text          0x08000390      0x378 F:/STM32CubeIDE_1.19.0/STM32CubeIDE/plugins/com.st.stm32cube.ide.mcu.externaltools.gnu-tools-for-stm32.13.3.rel1.win32_1.0.0.202411081344/tools/bin/../lib/gcc/arm-none-eabi/13.3.1/thumb/v7e-m+dp/hard\libgcc.a(_arm_addsubdf3.o)
                0x08000390                __aeabi_drsub
                0x08000398                __aeabi_dsub
                0x08000398                __subdf3
                0x0800039c                __aeabi_dadd
                0x0800039c                __adddf3
                0x08000614                __floatunsidf
                0x08000614                __aeabi_ui2d
                0x08000634                __floatsidf
                0x08000634                __aeabi_i2d
                0x08000658                __aeabi_f2d
                0x08000658                __extendsfdf2
                0x0800069c                __floatundidf
                0x0800069c                __aeabi_ul2d
                0x080006ac                __floatdidf
                0x080006ac                __aeabi_l2d
 .text          0x08000708       0x30 F:/STM32CubeIDE_1.19.0/STM32CubeIDE/plugins/com.st.stm32cube.ide.mcu.externaltools.gnu-tools-for-stm32.13.3.rel1.win32_1.0.0.202411081344/tools/bin/../lib/gcc/arm-none-eabi/13.3.1/thumb/v7e-m+dp/hard\libgcc.a(_aeabi_uldivmod.o)
                0x08000708                __aeabi_uldivmod
 .text          0x08000738      0x2f8 F:/STM32CubeIDE_1.19.0/STM32CubeIDE/plugins/com.st.stm32cube.ide.mcu.externaltools.gnu-tools-for-stm32.13.3.rel1.win32_1.0.0.202411081344/tools/bin/../lib/gcc/arm-none-eabi/13.3.1/thumb/v7e-m+dp/hard\libgcc.a(_udivmoddi4.o)
                0x08000738                __udivmoddi4
 .text          0x08000a30        0x4 F:/STM32CubeIDE_1.19.0/STM32CubeIDE/plugins/com.st.stm32cube.ide.mcu.externaltools.gnu-tools-for-stm32.13.3.rel1.win32_1.0.0.202411081344/tools/bin/../lib/gcc/arm-none-eabi/13.3.1/thumb/v7e-m+dp/hard\libgcc.a(_dvmd_tls.o)
                0x08000a30                __aeabi_idiv0
                0x08000a30                __aeabi_ldiv0
 *(.text*)
 .text.SystemInit
                0x08000a34      0x15c ./Common/Src/system_stm32h7xx_dualcore_boot_cm4_cm7.o
                0x08000a34                SystemInit
 .text.ExitRun0Mode
                0x08000b90       0x30 ./Common/Src/system_stm32h7xx_dualcore_boot_cm4_cm7.o
                0x08000b90                ExitRun0Mode
 .text.OLED_I2C_Write
                0x08000bc0       0x88 ./Core/Src/OLED.o
 .text.OLED_WriteCommand
                0x08000c48       0x1e ./Core/Src/OLED.o
                0x08000c48                OLED_WriteCommand
 .text.OLED_WriteData
                0x08000c66       0x22 ./Core/Src/OLED.o
                0x08000c66                OLED_WriteData
 .text.OLED_Init
                0x08000c88       0xa0 ./Core/Src/OLED.o
                0x08000c88                OLED_Init
 .text.OLED_SetCursor
                0x08000d28       0x46 ./Core/Src/OLED.o
                0x08000d28                OLED_SetCursor
 *fill*         0x08000d6e        0x2 
 .text.OLED_Update
                0x08000d70       0x40 ./Core/Src/OLED.o
                0x08000d70                OLED_Update
 .text.OLED_UpdateArea
                0x08000db0       0xd4 ./Core/Src/OLED.o
                0x08000db0                OLED_UpdateArea
 .text.OLED_Clear
                0x08000e84       0x50 ./Core/Src/OLED.o
                0x08000e84                OLED_Clear
 .text.OLED_ClearArea
                0x08000ed4       0xec ./Core/Src/OLED.o
                0x08000ed4                OLED_ClearArea
 .text.OLED_ShowChar
                0x08000fc0       0x7c ./Core/Src/OLED.o
                0x08000fc0                OLED_ShowChar
 .text.OLED_ShowString
                0x0800103c       0x60 ./Core/Src/OLED.o
                0x0800103c                OLED_ShowString
 .text.OLED_ShowImage
                0x0800109c      0x1c8 ./Core/Src/OLED.o
                0x0800109c                OLED_ShowImage
 .text.OLED_DrawPoint
                0x08001264       0x94 ./Core/Src/OLED.o
                0x08001264                OLED_DrawPoint
 .text.OLED_DrawLine
                0x080012f8      0x2b2 ./Core/Src/OLED.o
                0x080012f8                OLED_DrawLine
 *fill*         0x080015aa        0x2 
 .text.MX_ADC3_Init
                0x080015ac       0xd8 ./Core/Src/adc.o
                0x080015ac                MX_ADC3_Init
 .text.HAL_ADC_MspInit
                0x08001684       0xf4 ./Core/Src/adc.o
                0x08001684                HAL_ADC_MspInit
 .text.get_tim6_kernel_clk
                0x08001778       0x2c ./Core/Src/capture_adc.o
 .text.TIM6_SetFs_Safe
                0x080017a4      0x110 ./Core/Src/capture_adc.o
 .text.dcache_invalidate_aligned
                0x080018b4       0x88 ./Core/Src/capture_adc.o
 .text.CAP_InitAndStart
                0x0800193c       0x38 ./Core/Src/capture_adc.o
                0x0800193c                CAP_InitAndStart
 .text.CAP_GetLatestFrame
                0x08001974       0x48 ./Core/Src/capture_adc.o
                0x08001974                CAP_GetLatestFrame
 .text.HAL_ADC_ConvHalfCpltCallback
                0x080019bc       0x40 ./Core/Src/capture_adc.o
                0x080019bc                HAL_ADC_ConvHalfCpltCallback
 .text.HAL_ADC_ConvCpltCallback
                0x080019fc       0x40 ./Core/Src/capture_adc.o
                0x080019fc                HAL_ADC_ConvCpltCallback
 .text.CAP_FetchAndClearProcessFlag
                0x08001a3c       0x54 ./Core/Src/capture_adc.o
                0x08001a3c                CAP_FetchAndClearProcessFlag
 .text.MX_DAC1_Init
                0x08001a90       0x64 ./Core/Src/dac.o
                0x08001a90                MX_DAC1_Init
 .text.HAL_DAC_MspInit
                0x08001af4       0xf4 ./Core/Src/dac.o
                0x08001af4                HAL_DAC_MspInit
 .text.MX_DMA_Init
                0x08001be8       0x50 ./Core/Src/dma.o
                0x08001be8                MX_DMA_Init
 .text.build_hann
                0x08001c38       0x74 ./Core/Src/dsp_fft.o
 .text.DSP_Init
                0x08001cac       0x1c ./Core/Src/dsp_fft.o
                0x08001cac                DSP_Init
 .text.DSP_Process_Block_u16_to_db
                0x08001cc8      0x138 ./Core/Src/dsp_fft.o
                0x08001cc8                DSP_Process_Block_u16_to_db
 .text.build_lut
                0x08001e00      0x168 ./Core/Src/gen_dac.o
 .text.get_tim7_kernel_clk
                0x08001f68       0x30 ./Core/Src/gen_dac.o
 .text.TIM7_SetFs_Safe
                0x08001f98       0xe4 ./Core/Src/gen_dac.o
 .text.GEN_InitAndStart
                0x0800207c       0x68 ./Core/Src/gen_dac.o
                0x0800207c                GEN_InitAndStart
 .text.GEN_Update
                0x080020e4       0x44 ./Core/Src/gen_dac.o
                0x080020e4                GEN_Update
 .text.MX_GPIO_Init
                0x08002128       0xf4 ./Core/Src/gpio.o
                0x08002128                MX_GPIO_Init
 .text.MX_I2C1_Init
                0x0800221c       0x80 ./Core/Src/i2c.o
                0x0800221c                MX_I2C1_Init
 .text.HAL_I2C_MspInit
                0x0800229c       0xf8 ./Core/Src/i2c.o
                0x0800229c                HAL_I2C_MspInit
 .text.KEY_Read
                0x08002394       0x38 ./Core/Src/keys.o
 .text.poll_key
                0x080023cc       0xfc ./Core/Src/keys.o
 .text.KEYS_Init
                0x080024c8       0xb0 ./Core/Src/keys.o
                0x080024c8                KEYS_Init
 .text.KEY_Get_OK
                0x08002578       0x24 ./Core/Src/keys.o
                0x08002578                KEY_Get_OK
 .text.KEY_Get_BACK
                0x0800259c       0x24 ./Core/Src/keys.o
                0x0800259c                KEY_Get_BACK
 .text.KEY_Get_NEXT
                0x080025c0       0x24 ./Core/Src/keys.o
                0x080025c0                KEY_Get_NEXT
 .text.KEY_Get_FREQ
                0x080025e4       0x28 ./Core/Src/keys.o
                0x080025e4                KEY_Get_FREQ
 .text.clampf   0x0800260c       0x52 ./Core/Src/main.o
 *fill*         0x0800265e        0x2 
 .text.get_fs_real_from_tim6
                0x08002660       0x6c ./Core/Src/main.o
 .text.main     0x080026cc      0x4a8 ./Core/Src/main.o
                0x080026cc                main
 .text.SystemClock_Config
                0x08002b74       0xf8 ./Core/Src/main.o
                0x08002b74                SystemClock_Config
 .text.PeriphCommonClock_Config
                0x08002c6c       0x64 ./Core/Src/main.o
                0x08002c6c                PeriphCommonClock_Config
 .text.MPU_Config
                0x08002cd0      0x184 ./Core/Src/main.o
 .text.Error_Handler
                0x08002e54        0xc ./Core/Src/main.o
                0x08002e54                Error_Handler
 .text.MENU_SetGenParams
                0x08002e60       0x3c ./Core/Src/menu.o
                0x08002e60                MENU_SetGenParams
 .text.MENU_UpdateSpectrum
                0x08002e9c       0x38 ./Core/Src/menu.o
                0x08002e9c                MENU_UpdateSpectrum
 .text.draw_item
                0x08002ed4       0x84 ./Core/Src/menu.o
 .text.draw_home
                0x08002f58       0xf0 ./Core/Src/menu.o
 .text.draw_wave_menu
                0x08003048       0x78 ./Core/Src/menu.o
 .text.draw_spectrum_ui
                0x080030c0       0x30 ./Core/Src/menu.o
 .text.draw_peaks_ui
                0x080030f0      0x1b8 ./Core/Src/menu.o
 .text.MENU_Init
                0x080032a8       0x26 ./Core/Src/menu.o
                0x080032a8                MENU_Init
 *fill*         0x080032ce        0x2 
 .text.MENU_Draw
                0x080032d0       0x58 ./Core/Src/menu.o
                0x080032d0                MENU_Draw
 .text.HAL_MspInit
                0x08003328       0x34 ./Core/Src/stm32h7xx_hal_msp.o
                0x08003328                HAL_MspInit
 .text.NMI_Handler
                0x0800335c        0x8 ./Core/Src/stm32h7xx_it.o
                0x0800335c                NMI_Handler
 .text.HardFault_Handler
                0x08003364        0x8 ./Core/Src/stm32h7xx_it.o
                0x08003364                HardFault_Handler
 .text.MemManage_Handler
                0x0800336c        0x8 ./Core/Src/stm32h7xx_it.o
                0x0800336c                MemManage_Handler
 .text.BusFault_Handler
                0x08003374        0x8 ./Core/Src/stm32h7xx_it.o
                0x08003374                BusFault_Handler
 .text.UsageFault_Handler
                0x0800337c        0x8 ./Core/Src/stm32h7xx_it.o
                0x0800337c                UsageFault_Handler
 .text.SVC_Handler
                0x08003384        0xe ./Core/Src/stm32h7xx_it.o
                0x08003384                SVC_Handler
 .text.DebugMon_Handler
                0x08003392        0xe ./Core/Src/stm32h7xx_it.o
                0x08003392                DebugMon_Handler
 .text.PendSV_Handler
                0x080033a0        0xe ./Core/Src/stm32h7xx_it.o
                0x080033a0                PendSV_Handler
 .text.SysTick_Handler
                0x080033ae        0xc ./Core/Src/stm32h7xx_it.o
                0x080033ae                SysTick_Handler
 *fill*         0x080033ba        0x2 
 .text.DMA2_Stream0_IRQHandler
                0x080033bc       0x14 ./Core/Src/stm32h7xx_it.o
                0x080033bc                DMA2_Stream0_IRQHandler
 .text.DMA2_Stream1_IRQHandler
                0x080033d0       0x14 ./Core/Src/stm32h7xx_it.o
                0x080033d0                DMA2_Stream1_IRQHandler
 .text._getpid  0x080033e4       0x10 ./Core/Src/syscalls.o
                0x080033e4                _getpid
 .text._kill    0x080033f4       0x20 ./Core/Src/syscalls.o
                0x080033f4                _kill
 .text._exit    0x08003414       0x16 ./Core/Src/syscalls.o
                0x08003414                _exit
 .text._read    0x0800342a       0x3a ./Core/Src/syscalls.o
                0x0800342a                _read
 .text._write   0x08003464       0x38 ./Core/Src/syscalls.o
                0x08003464                _write
 .text._close   0x0800349c       0x18 ./Core/Src/syscalls.o
                0x0800349c                _close
 .text._fstat   0x080034b4       0x20 ./Core/Src/syscalls.o
                0x080034b4                _fstat
 .text._isatty  0x080034d4       0x16 ./Core/Src/syscalls.o
                0x080034d4                _isatty
 .text._lseek   0x080034ea       0x1a ./Core/Src/syscalls.o
                0x080034ea                _lseek
 .text._sbrk    0x08003504       0x6c ./Core/Src/sysmem.o
                0x08003504                _sbrk
 .text.MX_TIM6_Init
                0x08003570       0x6c ./Core/Src/tim.o
                0x08003570                MX_TIM6_Init
 .text.MX_TIM7_Init
                0x080035dc       0x6c ./Core/Src/tim.o
                0x080035dc                MX_TIM7_Init
 .text.HAL_TIM_Base_MspInit
                0x08003648       0x74 ./Core/Src/tim.o
                0x08003648                HAL_TIM_Base_MspInit
 .text.MX_USART3_UART_Init
                0x080036bc       0x98 ./Core/Src/usart.o
                0x080036bc                MX_USART3_UART_Init
 .text.HAL_UART_MspInit
                0x08003754       0x94 ./Core/Src/usart.o
                0x08003754                HAL_UART_MspInit
 .text.clampi   0x080037e8       0x32 ./Core/Src/viz.o
 .text.find_max
                0x0800381a       0x5e ./Core/Src/viz.o
 .text.VIZ_Init
                0x08003878       0x34 ./Core/Src/viz.o
                0x08003878                VIZ_Init
 .text.VIZ_Draw_Frame
                0x080038ac      0x368 ./Core/Src/viz.o
                0x080038ac                VIZ_Draw_Frame
 .text.Reset_Handler
                0x08003c14       0x54 ./Core/Startup/startup_stm32h745zitx.o
                0x08003c14                Reset_Handler
 .text.Default_Handler
                0x08003c68        0x2 ./Core/Startup/startup_stm32h745zitx.o
                0x08003c68                RTC_Alarm_IRQHandler
                0x08003c68                EXTI2_IRQHandler
                0x08003c68                TIM8_CC_IRQHandler
                0x08003c68                HRTIM1_Master_IRQHandler
                0x08003c68                UART8_IRQHandler
                0x08003c68                SPI4_IRQHandler
                0x08003c68                TIM1_CC_IRQHandler
                0x08003c68                BDMA_Channel6_IRQHandler
                0x08003c68                DMA2_Stream5_IRQHandler
                0x08003c68                HRTIM1_FLT_IRQHandler
                0x08003c68                JPEG_IRQHandler
                0x08003c68                DMA1_Stream5_IRQHandler
                0x08003c68                BDMA_Channel1_IRQHandler
                0x08003c68                HRTIM1_TIMD_IRQHandler
                0x08003c68                TAMP_STAMP_IRQHandler
                0x08003c68                EXTI3_IRQHandler
                0x08003c68                LPTIM4_IRQHandler
                0x08003c68                TIM8_TRG_COM_TIM14_IRQHandler
                0x08003c68                LPTIM2_IRQHandler
                0x08003c68                DFSDM1_FLT1_IRQHandler
                0x08003c68                DMAMUX2_OVR_IRQHandler
                0x08003c68                TIM8_UP_TIM13_IRQHandler
                0x08003c68                I2C3_ER_IRQHandler
                0x08003c68                DFSDM1_FLT2_IRQHandler
                0x08003c68                MDMA_IRQHandler
                0x08003c68                LPTIM3_IRQHandler
                0x08003c68                HSEM1_IRQHandler
                0x08003c68                EXTI0_IRQHandler
                0x08003c68                I2C2_EV_IRQHandler
                0x08003c68                DMA1_Stream2_IRQHandler
                0x08003c68                FPU_IRQHandler
                0x08003c68                OTG_HS_WKUP_IRQHandler
                0x08003c68                FDCAN1_IT1_IRQHandler
                0x08003c68                LTDC_ER_IRQHandler
                0x08003c68                DMA2_Stream2_IRQHandler
                0x08003c68                HRTIM1_TIME_IRQHandler
                0x08003c68                SPI1_IRQHandler
                0x08003c68                TIM6_DAC_IRQHandler
                0x08003c68                DCMI_IRQHandler
                0x08003c68                HRTIM1_TIMC_IRQHandler
                0x08003c68                DMA2_Stream3_IRQHandler
                0x08003c68                SAI2_IRQHandler
                0x08003c68                DFSDM1_FLT3_IRQHandler
                0x08003c68                USART6_IRQHandler
                0x08003c68                TIM17_IRQHandler
                0x08003c68                USART3_IRQHandler
                0x08003c68                BDMA_Channel7_IRQHandler
                0x08003c68                LPTIM5_IRQHandler
                0x08003c68                UART5_IRQHandler
                0x08003c68                ADC3_IRQHandler
                0x08003c68                TIM4_IRQHandler
                0x08003c68                BDMA_Channel2_IRQHandler
                0x08003c68                QUADSPI_IRQHandler
                0x08003c68                I2C1_EV_IRQHandler
                0x08003c68                DMA1_Stream6_IRQHandler
                0x08003c68                DMAMUX1_OVR_IRQHandler
                0x08003c68                DMA1_Stream1_IRQHandler
                0x08003c68                TIM16_IRQHandler
                0x08003c68                UART4_IRQHandler
                0x08003c68                BDMA_Channel5_IRQHandler
                0x08003c68                TIM3_IRQHandler
                0x08003c68                RCC_IRQHandler
                0x08003c68                TIM8_BRK_TIM12_IRQHandler
                0x08003c68                TIM1_TRG_COM_IRQHandler
                0x08003c68                Default_Handler
                0x08003c68                ECC_IRQHandler
                0x08003c68                CEC_IRQHandler
                0x08003c68                EXTI15_10_IRQHandler
                0x08003c68                BDMA_Channel0_IRQHandler
                0x08003c68                ADC_IRQHandler
                0x08003c68                DMA1_Stream7_IRQHandler
                0x08003c68                HRTIM1_TIMA_IRQHandler
                0x08003c68                SPI5_IRQHandler
                0x08003c68                TIM7_IRQHandler
                0x08003c68                SDMMC1_IRQHandler
                0x08003c68                TIM5_IRQHandler
                0x08003c68                DMA2_Stream7_IRQHandler
                0x08003c68                TIM15_IRQHandler
                0x08003c68                PVD_AVD_IRQHandler
                0x08003c68                I2C3_EV_IRQHandler
                0x08003c68                EXTI9_5_IRQHandler
                0x08003c68                RTC_WKUP_IRQHandler
                0x08003c68                LTDC_IRQHandler
                0x08003c68                SAI3_IRQHandler
                0x08003c68                ETH_WKUP_IRQHandler
                0x08003c68                SPDIF_RX_IRQHandler
                0x08003c68                SPI2_IRQHandler
                0x08003c68                OTG_HS_EP1_IN_IRQHandler
                0x08003c68                DMA1_Stream0_IRQHandler
                0x08003c68                CRS_IRQHandler
                0x08003c68                CM7_SEV_IRQHandler
                0x08003c68                EXTI4_IRQHandler
                0x08003c68                RNG_IRQHandler
                0x08003c68                CM4_SEV_IRQHandler
                0x08003c68                HRTIM1_TIMB_IRQHandler
                0x08003c68                FDCAN2_IT1_IRQHandler
                0x08003c68                ETH_IRQHandler
                0x08003c68                TIM1_UP_IRQHandler
                0x08003c68                WWDG_RST_IRQHandler
                0x08003c68                BDMA_Channel4_IRQHandler
                0x08003c68                OTG_HS_EP1_OUT_IRQHandler
                0x08003c68                WWDG_IRQHandler
                0x08003c68                SPI6_IRQHandler
                0x08003c68                MDIOS_IRQHandler
                0x08003c68                I2C4_EV_IRQHandler
                0x08003c68                FDCAN2_IT0_IRQHandler
                0x08003c68                LPUART1_IRQHandler
                0x08003c68                FDCAN1_IT0_IRQHandler
                0x08003c68                TIM2_IRQHandler
                0x08003c68                OTG_FS_WKUP_IRQHandler
                0x08003c68                OTG_HS_IRQHandler
                0x08003c68                HSEM2_IRQHandler
                0x08003c68                DMA2D_IRQHandler
                0x08003c68                TIM1_BRK_IRQHandler
                0x08003c68                EXTI1_IRQHandler
                0x08003c68                SDMMC2_IRQHandler
                0x08003c68                OTG_FS_EP1_OUT_IRQHandler
                0x08003c68                BDMA_Channel3_IRQHandler
                0x08003c68                HOLD_CORE_IRQHandler
                0x08003c68                UART7_IRQHandler
                0x08003c68                MDIOS_WKUP_IRQHandler
                0x08003c68                USART2_IRQHandler
                0x08003c68                DFSDM1_FLT0_IRQHandler
                0x08003c68                SAI4_IRQHandler
                0x08003c68                I2C2_ER_IRQHandler
                0x08003c68                FLASH_IRQHandler
                0x08003c68                DMA2_Stream4_IRQHandler
                0x08003c68                USART1_IRQHandler
                0x08003c68                OTG_FS_IRQHandler
                0x08003c68                SPI3_IRQHandler
                0x08003c68                WAKEUP_PIN_IRQHandler
                0x08003c68                DMA1_Stream4_IRQHandler
                0x08003c68                OTG_FS_EP1_IN_IRQHandler
                0x08003c68                I2C1_ER_IRQHandler
                0x08003c68                FMC_IRQHandler
                0x08003c68                FDCAN_CAL_IRQHandler
                0x08003c68                SWPMI1_IRQHandler
                0x08003c68                COMP1_IRQHandler
                0x08003c68                LPTIM1_IRQHandler
                0x08003c68                I2C4_ER_IRQHandler
                0x08003c68                DMA2_Stream6_IRQHandler
                0x08003c68                SAI1_IRQHandler
                0x08003c68                DMA1_Stream3_IRQHandler
 *fill*         0x08003c6a        0x2 
 .text.HAL_Init
                0x08003c6c       0x78 ./Drivers/STM32H7xx_HAL_Driver/stm32h7xx_hal.o
                0x08003c6c                HAL_Init
 .text.HAL_InitTick
                0x08003ce4       0x6c ./Drivers/STM32H7xx_HAL_Driver/stm32h7xx_hal.o
                0x08003ce4                HAL_InitTick
 .text.HAL_IncTick
                0x08003d50       0x28 ./Drivers/STM32H7xx_HAL_Driver/stm32h7xx_hal.o
                0x08003d50                HAL_IncTick
 .text.HAL_GetTick
                0x08003d78       0x18 ./Drivers/STM32H7xx_HAL_Driver/stm32h7xx_hal.o
                0x08003d78                HAL_GetTick
 .text.HAL_Delay
                0x08003d90       0x48 ./Drivers/STM32H7xx_HAL_Driver/stm32h7xx_hal.o
                0x08003d90                HAL_Delay
 .text.HAL_GetREVID
                0x08003dd8       0x18 ./Drivers/STM32H7xx_HAL_Driver/stm32h7xx_hal.o
                0x08003dd8                HAL_GetREVID
 .text.LL_ADC_SetCommonClock
                0x08003df0       0x26 ./Drivers/STM32H7xx_HAL_Driver/stm32h7xx_hal_adc.o
 .text.LL_ADC_SetCommonPathInternalCh
                0x08003e16       0x26 ./Drivers/STM32H7xx_HAL_Driver/stm32h7xx_hal_adc.o
 .text.LL_ADC_GetCommonPathInternalCh
                0x08003e3c       0x1c ./Drivers/STM32H7xx_HAL_Driver/stm32h7xx_hal_adc.o
 .text.LL_ADC_SetChannelPreselection
                0x08003e58       0x66 ./Drivers/STM32H7xx_HAL_Driver/stm32h7xx_hal_adc.o
 .text.LL_ADC_SetOffset
                0x08003ebe       0x40 ./Drivers/STM32H7xx_HAL_Driver/stm32h7xx_hal_adc.o
 .text.LL_ADC_SetDataRightShift
                0x08003efe       0x32 ./Drivers/STM32H7xx_HAL_Driver/stm32h7xx_hal_adc.o
 .text.LL_ADC_SetOffsetSignedSaturation
                0x08003f30       0x36 ./Drivers/STM32H7xx_HAL_Driver/stm32h7xx_hal_adc.o
 .text.LL_ADC_REG_IsTriggerSourceSWStart
                0x08003f66       0x26 ./Drivers/STM32H7xx_HAL_Driver/stm32h7xx_hal_adc.o
 .text.LL_ADC_REG_SetSequencerRanks
                0x08003f8c       0x58 ./Drivers/STM32H7xx_HAL_Driver/stm32h7xx_hal_adc.o
 .text.LL_ADC_REG_SetDataTransferMode
                0x08003fe4       0x26 ./Drivers/STM32H7xx_HAL_Driver/stm32h7xx_hal_adc.o
 .text.LL_ADC_SetChannelSamplingTime
                0x0800400a       0x56 ./Drivers/STM32H7xx_HAL_Driver/stm32h7xx_hal_adc.o
 .text.LL_ADC_SetChannelSingleDiff
                0x08004060       0x48 ./Drivers/STM32H7xx_HAL_Driver/stm32h7xx_hal_adc.o
 .text.LL_ADC_GetMultimode
                0x080040a8       0x1c ./Drivers/STM32H7xx_HAL_Driver/stm32h7xx_hal_adc.o
 .text.LL_ADC_DisableDeepPowerDown
                0x080040c4       0x24 ./Drivers/STM32H7xx_HAL_Driver/stm32h7xx_hal_adc.o
 .text.LL_ADC_IsDeepPowerDownEnabled
                0x080040e8       0x28 ./Drivers/STM32H7xx_HAL_Driver/stm32h7xx_hal_adc.o
 .text.LL_ADC_EnableInternalRegulator
                0x08004110       0x28 ./Drivers/STM32H7xx_HAL_Driver/stm32h7xx_hal_adc.o
 .text.LL_ADC_IsInternalRegulatorEnabled
                0x08004138       0x28 ./Drivers/STM32H7xx_HAL_Driver/stm32h7xx_hal_adc.o
 .text.LL_ADC_Enable
                0x08004160       0x28 ./Drivers/STM32H7xx_HAL_Driver/stm32h7xx_hal_adc.o
 .text.LL_ADC_IsEnabled
                0x08004188       0x26 ./Drivers/STM32H7xx_HAL_Driver/stm32h7xx_hal_adc.o
 *fill*         0x080041ae        0x2 
 .text.LL_ADC_REG_StartConversion
                0x080041b0       0x28 ./Drivers/STM32H7xx_HAL_Driver/stm32h7xx_hal_adc.o
 .text.LL_ADC_REG_IsConversionOngoing
                0x080041d8       0x26 ./Drivers/STM32H7xx_HAL_Driver/stm32h7xx_hal_adc.o
 .text.LL_ADC_INJ_IsConversionOngoing
                0x080041fe       0x26 ./Drivers/STM32H7xx_HAL_Driver/stm32h7xx_hal_adc.o
 .text.HAL_ADC_Init
                0x08004224      0x344 ./Drivers/STM32H7xx_HAL_Driver/stm32h7xx_hal_adc.o
                0x08004224                HAL_ADC_Init
 .text.HAL_ADC_Start_DMA
                0x08004568      0x188 ./Drivers/STM32H7xx_HAL_Driver/stm32h7xx_hal_adc.o
                0x08004568                HAL_ADC_Start_DMA
 .text.HAL_ADC_ErrorCallback
                0x080046f0       0x14 ./Drivers/STM32H7xx_HAL_Driver/stm32h7xx_hal_adc.o
                0x080046f0                HAL_ADC_ErrorCallback
 .text.HAL_ADC_ConfigChannel
                0x08004704      0x5e0 ./Drivers/STM32H7xx_HAL_Driver/stm32h7xx_hal_adc.o
                0x08004704                HAL_ADC_ConfigChannel
 .text.ADC_Enable
                0x08004ce4      0x114 ./Drivers/STM32H7xx_HAL_Driver/stm32h7xx_hal_adc.o
                0x08004ce4                ADC_Enable
 .text.ADC_DMAConvCplt
                0x08004df8       0xd8 ./Drivers/STM32H7xx_HAL_Driver/stm32h7xx_hal_adc.o
                0x08004df8                ADC_DMAConvCplt
 .text.ADC_DMAHalfConvCplt
                0x08004ed0       0x1c ./Drivers/STM32H7xx_HAL_Driver/stm32h7xx_hal_adc.o
                0x08004ed0                ADC_DMAHalfConvCplt
 .text.ADC_DMAError
                0x08004eec       0x34 ./Drivers/STM32H7xx_HAL_Driver/stm32h7xx_hal_adc.o
                0x08004eec                ADC_DMAError
 .text.ADC_ConfigureBoostMode
                0x08004f20      0x218 ./Drivers/STM32H7xx_HAL_Driver/stm32h7xx_hal_adc.o
                0x08004f20                ADC_ConfigureBoostMode
 .text.__NVIC_SetPriorityGrouping
                0x08005138       0x48 ./Drivers/STM32H7xx_HAL_Driver/stm32h7xx_hal_cortex.o
 .text.__NVIC_GetPriorityGrouping
                0x08005180       0x1c ./Drivers/STM32H7xx_HAL_Driver/stm32h7xx_hal_cortex.o
 .text.__NVIC_EnableIRQ
                0x0800519c       0x3c ./Drivers/STM32H7xx_HAL_Driver/stm32h7xx_hal_cortex.o
 .text.__NVIC_SetPriority
                0x080051d8       0x54 ./Drivers/STM32H7xx_HAL_Driver/stm32h7xx_hal_cortex.o
 .text.NVIC_EncodePriority
                0x0800522c       0x66 ./Drivers/STM32H7xx_HAL_Driver/stm32h7xx_hal_cortex.o
 *fill*         0x08005292        0x2 
 .text.SysTick_Config
                0x08005294       0x44 ./Drivers/STM32H7xx_HAL_Driver/stm32h7xx_hal_cortex.o
 .text.HAL_NVIC_SetPriorityGrouping
                0x080052d8       0x16 ./Drivers/STM32H7xx_HAL_Driver/stm32h7xx_hal_cortex.o
                0x080052d8                HAL_NVIC_SetPriorityGrouping
 .text.HAL_NVIC_SetPriority
                0x080052ee       0x34 ./Drivers/STM32H7xx_HAL_Driver/stm32h7xx_hal_cortex.o
                0x080052ee                HAL_NVIC_SetPriority
 .text.HAL_NVIC_EnableIRQ
                0x08005322       0x1c ./Drivers/STM32H7xx_HAL_Driver/stm32h7xx_hal_cortex.o
                0x08005322                HAL_NVIC_EnableIRQ
 .text.HAL_SYSTICK_Config
                0x0800533e       0x18 ./Drivers/STM32H7xx_HAL_Driver/stm32h7xx_hal_cortex.o
                0x0800533e                HAL_SYSTICK_Config
 *fill*         0x08005356        0x2 
 .text.HAL_MPU_Disable
                0x08005358       0x30 ./Drivers/STM32H7xx_HAL_Driver/stm32h7xx_hal_cortex.o
                0x08005358                HAL_MPU_Disable
 .text.HAL_MPU_Enable
                0x08005388       0x40 ./Drivers/STM32H7xx_HAL_Driver/stm32h7xx_hal_cortex.o
                0x08005388                HAL_MPU_Enable
 .text.HAL_MPU_ConfigRegion
                0x080053c8       0x80 ./Drivers/STM32H7xx_HAL_Driver/stm32h7xx_hal_cortex.o
                0x080053c8                HAL_MPU_ConfigRegion
 .text.HAL_DAC_Init
                0x08005448       0x44 ./Drivers/STM32H7xx_HAL_Driver/stm32h7xx_hal_dac.o
                0x08005448                HAL_DAC_Init
 .text.HAL_DAC_Start_DMA
                0x0800548c      0x180 ./Drivers/STM32H7xx_HAL_Driver/stm32h7xx_hal_dac.o
                0x0800548c                HAL_DAC_Start_DMA
 .text.HAL_DAC_ConvCpltCallbackCh1
                0x0800560c       0x14 ./Drivers/STM32H7xx_HAL_Driver/stm32h7xx_hal_dac.o
                0x0800560c                HAL_DAC_ConvCpltCallbackCh1
 .text.HAL_DAC_ConvHalfCpltCallbackCh1
                0x08005620       0x14 ./Drivers/STM32H7xx_HAL_Driver/stm32h7xx_hal_dac.o
                0x08005620                HAL_DAC_ConvHalfCpltCallbackCh1
 .text.HAL_DAC_ErrorCallbackCh1
                0x08005634       0x14 ./Drivers/STM32H7xx_HAL_Driver/stm32h7xx_hal_dac.o
                0x08005634                HAL_DAC_ErrorCallbackCh1
 .text.HAL_DAC_ConfigChannel
                0x08005648      0x28c ./Drivers/STM32H7xx_HAL_Driver/stm32h7xx_hal_dac.o
                0x08005648                HAL_DAC_ConfigChannel
 .text.DAC_DMAConvCpltCh1
                0x080058d4       0x22 ./Drivers/STM32H7xx_HAL_Driver/stm32h7xx_hal_dac.o
                0x080058d4                DAC_DMAConvCpltCh1
 .text.DAC_DMAHalfConvCpltCh1
                0x080058f6       0x1c ./Drivers/STM32H7xx_HAL_Driver/stm32h7xx_hal_dac.o
                0x080058f6                DAC_DMAHalfConvCpltCh1
 .text.DAC_DMAErrorCh1
                0x08005912       0x2e ./Drivers/STM32H7xx_HAL_Driver/stm32h7xx_hal_dac.o
                0x08005912                DAC_DMAErrorCh1
 .text.HAL_DACEx_ConvCpltCallbackCh2
                0x08005940       0x14 ./Drivers/STM32H7xx_HAL_Driver/stm32h7xx_hal_dac_ex.o
                0x08005940                HAL_DACEx_ConvCpltCallbackCh2
 .text.HAL_DACEx_ConvHalfCpltCallbackCh2
                0x08005954       0x14 ./Drivers/STM32H7xx_HAL_Driver/stm32h7xx_hal_dac_ex.o
                0x08005954                HAL_DACEx_ConvHalfCpltCallbackCh2
 .text.HAL_DACEx_ErrorCallbackCh2
                0x08005968       0x14 ./Drivers/STM32H7xx_HAL_Driver/stm32h7xx_hal_dac_ex.o
                0x08005968                HAL_DACEx_ErrorCallbackCh2
 .text.DAC_DMAConvCpltCh2
                0x0800597c       0x22 ./Drivers/STM32H7xx_HAL_Driver/stm32h7xx_hal_dac_ex.o
                0x0800597c                DAC_DMAConvCpltCh2
 .text.DAC_DMAHalfConvCpltCh2
                0x0800599e       0x1c ./Drivers/STM32H7xx_HAL_Driver/stm32h7xx_hal_dac_ex.o
                0x0800599e                DAC_DMAHalfConvCpltCh2
 .text.DAC_DMAErrorCh2
                0x080059ba       0x2e ./Drivers/STM32H7xx_HAL_Driver/stm32h7xx_hal_dac_ex.o
                0x080059ba                DAC_DMAErrorCh2
 .text.HAL_DMA_Init
                0x080059e8      0x6b8 ./Drivers/STM32H7xx_HAL_Driver/stm32h7xx_hal_dma.o
                0x080059e8                HAL_DMA_Init
 .text.HAL_DMA_Start_IT
                0x080060a0      0x4d4 ./Drivers/STM32H7xx_HAL_Driver/stm32h7xx_hal_dma.o
                0x080060a0                HAL_DMA_Start_IT
 .text.HAL_DMA_IRQHandler
                0x08006574      0xe54 ./Drivers/STM32H7xx_HAL_Driver/stm32h7xx_hal_dma.o
                0x08006574                HAL_DMA_IRQHandler
 .text.DMA_SetConfig
                0x080073c8      0x358 ./Drivers/STM32H7xx_HAL_Driver/stm32h7xx_hal_dma.o
 .text.DMA_CalcBaseAndBitshift
                0x08007720      0x164 ./Drivers/STM32H7xx_HAL_Driver/stm32h7xx_hal_dma.o
 .text.DMA_CheckFifoParam
                0x08007884       0xf8 ./Drivers/STM32H7xx_HAL_Driver/stm32h7xx_hal_dma.o
 .text.DMA_CalcDMAMUXChannelBaseAndMask
                0x0800797c      0x134 ./Drivers/STM32H7xx_HAL_Driver/stm32h7xx_hal_dma.o
 .text.DMA_CalcDMAMUXRequestGenBaseAndMask
                0x08007ab0       0xe8 ./Drivers/STM32H7xx_HAL_Driver/stm32h7xx_hal_dma.o
 .text.HAL_GPIO_Init
                0x08007b98      0x360 ./Drivers/STM32H7xx_HAL_Driver/stm32h7xx_hal_gpio.o
                0x08007b98                HAL_GPIO_Init
 .text.HAL_GPIO_ReadPin
                0x08007ef8       0x30 ./Drivers/STM32H7xx_HAL_Driver/stm32h7xx_hal_gpio.o
                0x08007ef8                HAL_GPIO_ReadPin
 .text.HAL_HSEM_FastTake
                0x08007f28       0x34 ./Drivers/STM32H7xx_HAL_Driver/stm32h7xx_hal_hsem.o
                0x08007f28                HAL_HSEM_FastTake
 .text.HAL_HSEM_Release
                0x08007f5c       0x28 ./Drivers/STM32H7xx_HAL_Driver/stm32h7xx_hal_hsem.o
                0x08007f5c                HAL_HSEM_Release
 .text.HAL_I2C_Init
                0x08007f84      0x138 ./Drivers/STM32H7xx_HAL_Driver/stm32h7xx_hal_i2c.o
                0x08007f84                HAL_I2C_Init
 .text.HAL_I2C_Master_Transmit
                0x080080bc      0x230 ./Drivers/STM32H7xx_HAL_Driver/stm32h7xx_hal_i2c.o
                0x080080bc                HAL_I2C_Master_Transmit
 .text.I2C_Flush_TXDR
                0x080082ec       0x48 ./Drivers/STM32H7xx_HAL_Driver/stm32h7xx_hal_i2c.o
 .text.I2C_WaitOnFlagUntilTimeout
                0x08008334       0xb2 ./Drivers/STM32H7xx_HAL_Driver/stm32h7xx_hal_i2c.o
 .text.I2C_WaitOnTXISFlagUntilTimeout
                0x080083e6       0x8e ./Drivers/STM32H7xx_HAL_Driver/stm32h7xx_hal_i2c.o
 .text.I2C_WaitOnSTOPFlagUntilTimeout
                0x08008474       0x86 ./Drivers/STM32H7xx_HAL_Driver/stm32h7xx_hal_i2c.o
 *fill*         0x080084fa        0x2 
 .text.I2C_IsErrorOccurred
                0x080084fc      0x1c0 ./Drivers/STM32H7xx_HAL_Driver/stm32h7xx_hal_i2c.o
 .text.I2C_TransferConfig
                0x080086bc       0x64 ./Drivers/STM32H7xx_HAL_Driver/stm32h7xx_hal_i2c.o
 .text.HAL_I2CEx_ConfigAnalogFilter
                0x08008720       0x96 ./Drivers/STM32H7xx_HAL_Driver/stm32h7xx_hal_i2c_ex.o
                0x08008720                HAL_I2CEx_ConfigAnalogFilter
 .text.HAL_I2CEx_ConfigDigitalFilter
                0x080087b6       0x98 ./Drivers/STM32H7xx_HAL_Driver/stm32h7xx_hal_i2c_ex.o
                0x080087b6                HAL_I2CEx_ConfigDigitalFilter
 *fill*         0x0800884e        0x2 
 .text.HAL_PWREx_ConfigSupply
                0x08008850       0xb4 ./Drivers/STM32H7xx_HAL_Driver/stm32h7xx_hal_pwr_ex.o
                0x08008850                HAL_PWREx_ConfigSupply
 .text.HAL_RCC_OscConfig
                0x08008904      0x8b4 ./Drivers/STM32H7xx_HAL_Driver/stm32h7xx_hal_rcc.o
                0x08008904                HAL_RCC_OscConfig
 .text.HAL_RCC_ClockConfig
                0x080091b8      0x36c ./Drivers/STM32H7xx_HAL_Driver/stm32h7xx_hal_rcc.o
                0x080091b8                HAL_RCC_ClockConfig
 .text.HAL_RCC_GetSysClockFreq
                0x08009524      0x2f4 ./Drivers/STM32H7xx_HAL_Driver/stm32h7xx_hal_rcc.o
                0x08009524                HAL_RCC_GetSysClockFreq
 .text.HAL_RCC_GetHCLKFreq
                0x08009818       0x60 ./Drivers/STM32H7xx_HAL_Driver/stm32h7xx_hal_rcc.o
                0x08009818                HAL_RCC_GetHCLKFreq
 .text.HAL_RCC_GetPCLK1Freq
                0x08009878       0x2c ./Drivers/STM32H7xx_HAL_Driver/stm32h7xx_hal_rcc.o
                0x08009878                HAL_RCC_GetPCLK1Freq
 .text.HAL_RCC_GetPCLK2Freq
                0x080098a4       0x2c ./Drivers/STM32H7xx_HAL_Driver/stm32h7xx_hal_rcc.o
                0x080098a4                HAL_RCC_GetPCLK2Freq
 .text.HAL_RCCEx_PeriphCLKConfig
                0x080098d0     0x1414 ./Drivers/STM32H7xx_HAL_Driver/stm32h7xx_hal_rcc_ex.o
                0x080098d0                HAL_RCCEx_PeriphCLKConfig
 .text.HAL_RCCEx_GetPeriphCLKFreq
                0x0800ace4      0xb00 ./Drivers/STM32H7xx_HAL_Driver/stm32h7xx_hal_rcc_ex.o
                0x0800ace4                HAL_RCCEx_GetPeriphCLKFreq
 .text.HAL_RCCEx_GetD3PCLK1Freq
                0x0800b7e4       0x2c ./Drivers/STM32H7xx_HAL_Driver/stm32h7xx_hal_rcc_ex.o
                0x0800b7e4                HAL_RCCEx_GetD3PCLK1Freq
 .text.HAL_RCCEx_GetPLL2ClockFreq
                0x0800b810      0x2a8 ./Drivers/STM32H7xx_HAL_Driver/stm32h7xx_hal_rcc_ex.o
                0x0800b810                HAL_RCCEx_GetPLL2ClockFreq
 .text.HAL_RCCEx_GetPLL3ClockFreq
                0x0800bab8      0x2a8 ./Drivers/STM32H7xx_HAL_Driver/stm32h7xx_hal_rcc_ex.o
                0x0800bab8                HAL_RCCEx_GetPLL3ClockFreq
 .text.HAL_RCCEx_GetPLL1ClockFreq
                0x0800bd60      0x2a4 ./Drivers/STM32H7xx_HAL_Driver/stm32h7xx_hal_rcc_ex.o
                0x0800bd60                HAL_RCCEx_GetPLL1ClockFreq
 .text.RCCEx_PLL2_Config
                0x0800c004      0x164 ./Drivers/STM32H7xx_HAL_Driver/stm32h7xx_hal_rcc_ex.o
 .text.RCCEx_PLL3_Config
                0x0800c168      0x164 ./Drivers/STM32H7xx_HAL_Driver/stm32h7xx_hal_rcc_ex.o
 .text.HAL_TIM_Base_Init
                0x0800c2cc       0xae ./Drivers/STM32H7xx_HAL_Driver/stm32h7xx_hal_tim.o
                0x0800c2cc                HAL_TIM_Base_Init
 *fill*         0x0800c37a        0x2 
 .text.HAL_TIM_Base_Start
                0x0800c37c       0xe0 ./Drivers/STM32H7xx_HAL_Driver/stm32h7xx_hal_tim.o
                0x0800c37c                HAL_TIM_Base_Start
 .text.TIM_Base_SetConfig
                0x0800c45c      0x140 ./Drivers/STM32H7xx_HAL_Driver/stm32h7xx_hal_tim.o
                0x0800c45c                TIM_Base_SetConfig
 .text.HAL_TIMEx_MasterConfigSynchronization
                0x0800c59c      0x11c ./Drivers/STM32H7xx_HAL_Driver/stm32h7xx_hal_tim_ex.o
                0x0800c59c                HAL_TIMEx_MasterConfigSynchronization
 .text.HAL_UART_Init
                0x0800c6b8       0xa0 ./Drivers/STM32H7xx_HAL_Driver/stm32h7xx_hal_uart.o
                0x0800c6b8                HAL_UART_Init
 .text.UART_SetConfig
                0x0800c758      0xad0 ./Drivers/STM32H7xx_HAL_Driver/stm32h7xx_hal_uart.o
                0x0800c758                UART_SetConfig
 .text.UART_AdvFeatureConfig
                0x0800d228      0x144 ./Drivers/STM32H7xx_HAL_Driver/stm32h7xx_hal_uart.o
                0x0800d228                UART_AdvFeatureConfig
 .text.UART_CheckIdleState
                0x0800d36c      0x154 ./Drivers/STM32H7xx_HAL_Driver/stm32h7xx_hal_uart.o
                0x0800d36c                UART_CheckIdleState
 .text.UART_WaitOnFlagUntilTimeout
                0x0800d4c0       0xda ./Drivers/STM32H7xx_HAL_Driver/stm32h7xx_hal_uart.o
                0x0800d4c0                UART_WaitOnFlagUntilTimeout
 *fill*         0x0800d59a        0x2 
 .text.UART_EndRxTransfer
                0x0800d59c       0xcc ./Drivers/STM32H7xx_HAL_Driver/stm32h7xx_hal_uart.o
 .text.HAL_UARTEx_DisableFifoMode
                0x0800d668       0x72 ./Drivers/STM32H7xx_HAL_Driver/stm32h7xx_hal_uart_ex.o
                0x0800d668                HAL_UARTEx_DisableFifoMode
 .text.HAL_UARTEx_SetTxFifoThreshold
                0x0800d6da       0x7c ./Drivers/STM32H7xx_HAL_Driver/stm32h7xx_hal_uart_ex.o
                0x0800d6da                HAL_UARTEx_SetTxFifoThreshold
 .text.HAL_UARTEx_SetRxFifoThreshold
                0x0800d756       0x7c ./Drivers/STM32H7xx_HAL_Driver/stm32h7xx_hal_uart_ex.o
                0x0800d756                HAL_UARTEx_SetRxFifoThreshold
 *fill*         0x0800d7d2        0x2 
 .text.UARTEx_SetNbDataToProcess
                0x0800d7d4       0x9c ./Drivers/STM32H7xx_HAL_Driver/stm32h7xx_hal_uart_ex.o
 .text.arm_bitreversal_32
                0x0800d870       0xb2 ./dsp1/arm_bitreversal2.o
                0x0800d870                arm_bitreversal_32
 .text.arm_cfft_radix8by2_f32
                0x0800d922      0x3e8 ./dsp1/arm_cfft_f32.o
 .text.arm_cfft_radix8by4_f32
                0x0800dd0a      0xc60 ./dsp1/arm_cfft_f32.o
 .text.arm_cfft_f32
                0x0800e96a      0x174 ./dsp1/arm_cfft_f32.o
                0x0800e96a                arm_cfft_f32
 *fill*         0x0800eade        0x2 
 .text.arm_cfft_init_2048_f32
                0x0800eae0       0x48 ./dsp1/arm_cfft_init_f32.o
                0x0800eae0                arm_cfft_init_2048_f32
 .text.arm_cfft_init_1024_f32
                0x0800eb28       0x48 ./dsp1/arm_cfft_init_f32.o
                0x0800eb28                arm_cfft_init_1024_f32
 .text.arm_cfft_init_512_f32
                0x0800eb70       0x48 ./dsp1/arm_cfft_init_f32.o
                0x0800eb70                arm_cfft_init_512_f32
 .text.arm_cfft_init_256_f32
                0x0800ebb8       0x48 ./dsp1/arm_cfft_init_f32.o
                0x0800ebb8                arm_cfft_init_256_f32
 .text.arm_cfft_init_128_f32
                0x0800ec00       0x44 ./dsp1/arm_cfft_init_f32.o
                0x0800ec00                arm_cfft_init_128_f32
 .text.arm_cfft_init_64_f32
                0x0800ec44       0x44 ./dsp1/arm_cfft_init_f32.o
                0x0800ec44                arm_cfft_init_64_f32
 .text.arm_cfft_init_32_f32
                0x0800ec88       0x44 ./dsp1/arm_cfft_init_f32.o
                0x0800ec88                arm_cfft_init_32_f32
 .text.arm_cfft_init_16_f32
                0x0800eccc       0x44 ./dsp1/arm_cfft_init_f32.o
                0x0800eccc                arm_cfft_init_16_f32
 .text.arm_radix8_butterfly_f32
                0x0800ed10     0x100c ./dsp1/arm_cfft_radix8_f32.o
                0x0800ed10                arm_radix8_butterfly_f32
 .text.arm_cmplx_mag_f32
                0x0800fd1c       0x88 ./dsp1/arm_cmplx_mag_f32.o
                0x0800fd1c                arm_cmplx_mag_f32
 .text.arm_cos_f32
                0x0800fda4      0x10c ./dsp1/arm_cos_f32.o
                0x0800fda4                arm_cos_f32
 .text.arm_max_f32
                0x0800feb0       0x70 ./dsp1/arm_max_f32.o
                0x0800feb0                arm_max_f32
 .text.arm_mean_f32
                0x0800ff20       0x5e ./dsp1/arm_mean_f32.o
                0x0800ff20                arm_mean_f32
 .text.arm_mult_f32
                0x0800ff7e       0x50 ./dsp1/arm_mult_f32.o
                0x0800ff7e                arm_mult_f32
 .text.arm_offset_f32
                0x0800ffce       0x4c ./dsp1/arm_offset_f32.o
                0x0800ffce                arm_offset_f32
 .text.stage_rfft_f32
                0x0801001a      0x1d2 ./dsp1/arm_rfft_fast_f32.o
 .text.merge_rfft_f32
                0x080101ec      0x198 ./dsp1/arm_rfft_fast_f32.o
 .text.arm_rfft_fast_f32
                0x08010384       0x4e ./dsp1/arm_rfft_fast_f32.o
                0x08010384                arm_rfft_fast_f32
 *fill*         0x080103d2        0x2 
 .text.arm_rfft_fast_init_32_f32
                0x080103d4       0x48 ./dsp1/arm_rfft_fast_init_f32.o
                0x080103d4                arm_rfft_fast_init_32_f32
 .text.arm_rfft_fast_init_64_f32
                0x0801041c       0x48 ./dsp1/arm_rfft_fast_init_f32.o
                0x0801041c                arm_rfft_fast_init_64_f32
 .text.arm_rfft_fast_init_128_f32
                0x08010464       0x48 ./dsp1/arm_rfft_fast_init_f32.o
                0x08010464                arm_rfft_fast_init_128_f32
 .text.arm_rfft_fast_init_256_f32
                0x080104ac       0x4c ./dsp1/arm_rfft_fast_init_f32.o
                0x080104ac                arm_rfft_fast_init_256_f32
 .text.arm_rfft_fast_init_512_f32
                0x080104f8       0x4c ./dsp1/arm_rfft_fast_init_f32.o
                0x080104f8                arm_rfft_fast_init_512_f32
 .text.arm_rfft_fast_init_1024_f32
                0x08010544       0x4c ./dsp1/arm_rfft_fast_init_f32.o
                0x08010544                arm_rfft_fast_init_1024_f32
 .text.arm_rfft_fast_init_2048_f32
                0x08010590       0x4c ./dsp1/arm_rfft_fast_init_f32.o
                0x08010590                arm_rfft_fast_init_2048_f32
 .text.arm_rfft_fast_init_4096_f32
                0x080105dc       0x4c ./dsp1/arm_rfft_fast_init_f32.o
                0x080105dc                arm_rfft_fast_init_4096_f32
 .text.arm_rfft_fast_init_f32
                0x08010628       0xce ./dsp1/arm_rfft_fast_init_f32.o
                0x08010628                arm_rfft_fast_init_f32
 .text.__cvt    0x080106f6       0xa8 F:/STM32CubeIDE_1.19.0/STM32CubeIDE/plugins/com.st.stm32cube.ide.mcu.externaltools.gnu-tools-for-stm32.13.3.rel1.win32_1.0.0.202411081344/tools/bin/../lib/gcc/arm-none-eabi/13.3.1/../../../../arm-none-eabi/lib/thumb/v7e-m+dp/hard\libc_nano.a(libc_a-nano-vfprintf_float.o)
                0x080106f6                __cvt
 .text.__exponent
                0x0801079e       0x74 F:/STM32CubeIDE_1.19.0/STM32CubeIDE/plugins/com.st.stm32cube.ide.mcu.externaltools.gnu-tools-for-stm32.13.3.rel1.win32_1.0.0.202411081344/tools/bin/../lib/gcc/arm-none-eabi/13.3.1/../../../../arm-none-eabi/lib/thumb/v7e-m+dp/hard\libc_nano.a(libc_a-nano-vfprintf_float.o)
                0x0801079e                __exponent
 *fill*         0x08010812        0x6 
 .text._printf_float
                0x08010818      0x434 F:/STM32CubeIDE_1.19.0/STM32CubeIDE/plugins/com.st.stm32cube.ide.mcu.externaltools.gnu-tools-for-stm32.13.3.rel1.win32_1.0.0.202411081344/tools/bin/../lib/gcc/arm-none-eabi/13.3.1/../../../../arm-none-eabi/lib/thumb/v7e-m+dp/hard\libc_nano.a(libc_a-nano-vfprintf_float.o)
                0x08010818                _printf_float
 .text._printf_common
                0x08010c4c       0xda F:/STM32CubeIDE_1.19.0/STM32CubeIDE/plugins/com.st.stm32cube.ide.mcu.externaltools.gnu-tools-for-stm32.13.3.rel1.win32_1.0.0.202411081344/tools/bin/../lib/gcc/arm-none-eabi/13.3.1/../../../../arm-none-eabi/lib/thumb/v7e-m+dp/hard\libc_nano.a(libc_a-nano-vfprintf_i.o)
                0x08010c4c                _printf_common
 *fill*         0x08010d26        0x2 
 .text._printf_i
                0x08010d28      0x23c F:/STM32CubeIDE_1.19.0/STM32CubeIDE/plugins/com.st.stm32cube.ide.mcu.externaltools.gnu-tools-for-stm32.13.3.rel1.win32_1.0.0.202411081344/tools/bin/../lib/gcc/arm-none-eabi/13.3.1/../../../../arm-none-eabi/lib/thumb/v7e-m+dp/hard\libc_nano.a(libc_a-nano-vfprintf_i.o)
                0x08010d28                _printf_i
 .text.std      0x08010f64       0x6c F:/STM32CubeIDE_1.19.0/STM32CubeIDE/plugins/com.st.stm32cube.ide.mcu.externaltools.gnu-tools-for-stm32.13.3.rel1.win32_1.0.0.202411081344/tools/bin/../lib/gcc/arm-none-eabi/13.3.1/../../../../arm-none-eabi/lib/thumb/v7e-m+dp/hard\libc_nano.a(libc_a-findfp.o)
 .text.stdio_exit_handler
                0x08010fd0       0x18 F:/STM32CubeIDE_1.19.0/STM32CubeIDE/plugins/com.st.stm32cube.ide.mcu.externaltools.gnu-tools-for-stm32.13.3.rel1.win32_1.0.0.202411081344/tools/bin/../lib/gcc/arm-none-eabi/13.3.1/../../../../arm-none-eabi/lib/thumb/v7e-m+dp/hard\libc_nano.a(libc_a-findfp.o)
 .text.cleanup_stdio
                0x08010fe8       0x40 F:/STM32CubeIDE_1.19.0/STM32CubeIDE/plugins/com.st.stm32cube.ide.mcu.externaltools.gnu-tools-for-stm32.13.3.rel1.win32_1.0.0.202411081344/tools/bin/../lib/gcc/arm-none-eabi/13.3.1/../../../../arm-none-eabi/lib/thumb/v7e-m+dp/hard\libc_nano.a(libc_a-findfp.o)
 .text.global_stdio_init.part.0
                0x08011028       0x3c F:/STM32CubeIDE_1.19.0/STM32CubeIDE/plugins/com.st.stm32cube.ide.mcu.externaltools.gnu-tools-for-stm32.13.3.rel1.win32_1.0.0.202411081344/tools/bin/../lib/gcc/arm-none-eabi/13.3.1/../../../../arm-none-eabi/lib/thumb/v7e-m+dp/hard\libc_nano.a(libc_a-findfp.o)
 .text.__sfp_lock_acquire
                0x08011064        0xc F:/STM32CubeIDE_1.19.0/STM32CubeIDE/plugins/com.st.stm32cube.ide.mcu.externaltools.gnu-tools-for-stm32.13.3.rel1.win32_1.0.0.202411081344/tools/bin/../lib/gcc/arm-none-eabi/13.3.1/../../../../arm-none-eabi/lib/thumb/v7e-m+dp/hard\libc_nano.a(libc_a-findfp.o)
                0x08011064                __sfp_lock_acquire
 .text.__sfp_lock_release
                0x08011070        0xc F:/STM32CubeIDE_1.19.0/STM32CubeIDE/plugins/com.st.stm32cube.ide.mcu.externaltools.gnu-tools-for-stm32.13.3.rel1.win32_1.0.0.202411081344/tools/bin/../lib/gcc/arm-none-eabi/13.3.1/../../../../arm-none-eabi/lib/thumb/v7e-m+dp/hard\libc_nano.a(libc_a-findfp.o)
                0x08011070                __sfp_lock_release
 .text.__sinit  0x0801107c       0x30 F:/STM32CubeIDE_1.19.0/STM32CubeIDE/plugins/com.st.stm32cube.ide.mcu.externaltools.gnu-tools-for-stm32.13.3.rel1.win32_1.0.0.202411081344/tools/bin/../lib/gcc/arm-none-eabi/13.3.1/../../../../arm-none-eabi/lib/thumb/v7e-m+dp/hard\libc_nano.a(libc_a-findfp.o)
                0x0801107c                __sinit
 .text._fwalk_sglue
                0x080110ac       0x3c F:/STM32CubeIDE_1.19.0/STM32CubeIDE/plugins/com.st.stm32cube.ide.mcu.externaltools.gnu-tools-for-stm32.13.3.rel1.win32_1.0.0.202411081344/tools/bin/../lib/gcc/arm-none-eabi/13.3.1/../../../../arm-none-eabi/lib/thumb/v7e-m+dp/hard\libc_nano.a(libc_a-fwalk.o)
                0x080110ac                _fwalk_sglue
 .text.snprintf
                0x080110e8       0x6c F:/STM32CubeIDE_1.19.0/STM32CubeIDE/plugins/com.st.stm32cube.ide.mcu.externaltools.gnu-tools-for-stm32.13.3.rel1.win32_1.0.0.202411081344/tools/bin/../lib/gcc/arm-none-eabi/13.3.1/../../../../arm-none-eabi/lib/thumb/v7e-m+dp/hard\libc_nano.a(libc_a-snprintf.o)
                0x080110e8                sniprintf
                0x080110e8                snprintf
 .text.__sread  0x08011154       0x22 F:/STM32CubeIDE_1.19.0/STM32CubeIDE/plugins/com.st.stm32cube.ide.mcu.externaltools.gnu-tools-for-stm32.13.3.rel1.win32_1.0.0.202411081344/tools/bin/../lib/gcc/arm-none-eabi/13.3.1/../../../../arm-none-eabi/lib/thumb/v7e-m+dp/hard\libc_nano.a(libc_a-stdio.o)
                0x08011154                __sread
 .text.__swrite
                0x08011176       0x38 F:/STM32CubeIDE_1.19.0/STM32CubeIDE/plugins/com.st.stm32cube.ide.mcu.externaltools.gnu-tools-for-stm32.13.3.rel1.win32_1.0.0.202411081344/tools/bin/../lib/gcc/arm-none-eabi/13.3.1/../../../../arm-none-eabi/lib/thumb/v7e-m+dp/hard\libc_nano.a(libc_a-stdio.o)
                0x08011176                __swrite
 .text.__sseek  0x080111ae       0x24 F:/STM32CubeIDE_1.19.0/STM32CubeIDE/plugins/com.st.stm32cube.ide.mcu.externaltools.gnu-tools-for-stm32.13.3.rel1.win32_1.0.0.202411081344/tools/bin/../lib/gcc/arm-none-eabi/13.3.1/../../../../arm-none-eabi/lib/thumb/v7e-m+dp/hard\libc_nano.a(libc_a-stdio.o)
                0x080111ae                __sseek
 .text.__sclose
                0x080111d2        0x8 F:/STM32CubeIDE_1.19.0/STM32CubeIDE/plugins/com.st.stm32cube.ide.mcu.externaltools.gnu-tools-for-stm32.13.3.rel1.win32_1.0.0.202411081344/tools/bin/../lib/gcc/arm-none-eabi/13.3.1/../../../../arm-none-eabi/lib/thumb/v7e-m+dp/hard\libc_nano.a(libc_a-stdio.o)
                0x080111d2                __sclose
 .text.memset   0x080111da       0x10 F:/STM32CubeIDE_1.19.0/STM32CubeIDE/plugins/com.st.stm32cube.ide.mcu.externaltools.gnu-tools-for-stm32.13.3.rel1.win32_1.0.0.202411081344/tools/bin/../lib/gcc/arm-none-eabi/13.3.1/../../../../arm-none-eabi/lib/thumb/v7e-m+dp/hard\libc_nano.a(libc_a-memset.o)
                0x080111da                memset
 *fill*         0x080111ea        0x2 
 .text._localeconv_r
                0x080111ec        0x8 F:/STM32CubeIDE_1.19.0/STM32CubeIDE/plugins/com.st.stm32cube.ide.mcu.externaltools.gnu-tools-for-stm32.13.3.rel1.win32_1.0.0.202411081344/tools/bin/../lib/gcc/arm-none-eabi/13.3.1/../../../../arm-none-eabi/lib/thumb/v7e-m+dp/hard\libc_nano.a(libc_a-localeconv.o)
                0x080111ec                _localeconv_r
 .text._close_r
                0x080111f4       0x20 F:/STM32CubeIDE_1.19.0/STM32CubeIDE/plugins/com.st.stm32cube.ide.mcu.externaltools.gnu-tools-for-stm32.13.3.rel1.win32_1.0.0.202411081344/tools/bin/../lib/gcc/arm-none-eabi/13.3.1/../../../../arm-none-eabi/lib/thumb/v7e-m+dp/hard\libc_nano.a(libc_a-closer.o)
                0x080111f4                _close_r
 .text._lseek_r
                0x08011214       0x24 F:/STM32CubeIDE_1.19.0/STM32CubeIDE/plugins/com.st.stm32cube.ide.mcu.externaltools.gnu-tools-for-stm32.13.3.rel1.win32_1.0.0.202411081344/tools/bin/../lib/gcc/arm-none-eabi/13.3.1/../../../../arm-none-eabi/lib/thumb/v7e-m+dp/hard\libc_nano.a(libc_a-lseekr.o)
                0x08011214                _lseek_r
 .text._read_r  0x08011238       0x24 F:/STM32CubeIDE_1.19.0/STM32CubeIDE/plugins/com.st.stm32cube.ide.mcu.externaltools.gnu-tools-for-stm32.13.3.rel1.win32_1.0.0.202411081344/tools/bin/../lib/gcc/arm-none-eabi/13.3.1/../../../../arm-none-eabi/lib/thumb/v7e-m+dp/hard\libc_nano.a(libc_a-readr.o)
                0x08011238                _read_r
 .text._write_r
                0x0801125c       0x24 F:/STM32CubeIDE_1.19.0/STM32CubeIDE/plugins/com.st.stm32cube.ide.mcu.externaltools.gnu-tools-for-stm32.13.3.rel1.win32_1.0.0.202411081344/tools/bin/../lib/gcc/arm-none-eabi/13.3.1/../../../../arm-none-eabi/lib/thumb/v7e-m+dp/hard\libc_nano.a(libc_a-writer.o)
                0x0801125c                _write_r
 .text.__errno  0x08011280        0xc F:/STM32CubeIDE_1.19.0/STM32CubeIDE/plugins/com.st.stm32cube.ide.mcu.externaltools.gnu-tools-for-stm32.13.3.rel1.win32_1.0.0.202411081344/tools/bin/../lib/gcc/arm-none-eabi/13.3.1/../../../../arm-none-eabi/lib/thumb/v7e-m+dp/hard\libc_nano.a(libc_a-errno.o)
                0x08011280                __errno
 .text.__libc_init_array
                0x0801128c       0x48 F:/STM32CubeIDE_1.19.0/STM32CubeIDE/plugins/com.st.stm32cube.ide.mcu.externaltools.gnu-tools-for-stm32.13.3.rel1.win32_1.0.0.202411081344/tools/bin/../lib/gcc/arm-none-eabi/13.3.1/../../../../arm-none-eabi/lib/thumb/v7e-m+dp/hard\libc_nano.a(libc_a-init.o)
                0x0801128c                __libc_init_array
 .text.__retarget_lock_init_recursive
                0x080112d4        0x2 F:/STM32CubeIDE_1.19.0/STM32CubeIDE/plugins/com.st.stm32cube.ide.mcu.externaltools.gnu-tools-for-stm32.13.3.rel1.win32_1.0.0.202411081344/tools/bin/../lib/gcc/arm-none-eabi/13.3.1/../../../../arm-none-eabi/lib/thumb/v7e-m+dp/hard\libc_nano.a(libc_a-lock.o)
                0x080112d4                __retarget_lock_init_recursive
 .text.__retarget_lock_acquire_recursive
                0x080112d6        0x2 F:/STM32CubeIDE_1.19.0/STM32CubeIDE/plugins/com.st.stm32cube.ide.mcu.externaltools.gnu-tools-for-stm32.13.3.rel1.win32_1.0.0.202411081344/tools/bin/../lib/gcc/arm-none-eabi/13.3.1/../../../../arm-none-eabi/lib/thumb/v7e-m+dp/hard\libc_nano.a(libc_a-lock.o)
                0x080112d6                __retarget_lock_acquire_recursive
 .text.__retarget_lock_release_recursive
                0x080112d8        0x2 F:/STM32CubeIDE_1.19.0/STM32CubeIDE/plugins/com.st.stm32cube.ide.mcu.externaltools.gnu-tools-for-stm32.13.3.rel1.win32_1.0.0.202411081344/tools/bin/../lib/gcc/arm-none-eabi/13.3.1/../../../../arm-none-eabi/lib/thumb/v7e-m+dp/hard\libc_nano.a(libc_a-lock.o)
                0x080112d8                __retarget_lock_release_recursive
 .text.memcpy   0x080112da       0x1c F:/STM32CubeIDE_1.19.0/STM32CubeIDE/plugins/com.st.stm32cube.ide.mcu.externaltools.gnu-tools-for-stm32.13.3.rel1.win32_1.0.0.202411081344/tools/bin/../lib/gcc/arm-none-eabi/13.3.1/../../../../arm-none-eabi/lib/thumb/v7e-m+dp/hard\libc_nano.a(libc_a-memcpy-stub.o)
                0x080112da                memcpy
 .text.quorem   0x080112f6      0x110 F:/STM32CubeIDE_1.19.0/STM32CubeIDE/plugins/com.st.stm32cube.ide.mcu.externaltools.gnu-tools-for-stm32.13.3.rel1.win32_1.0.0.202411081344/tools/bin/../lib/gcc/arm-none-eabi/13.3.1/../../../../arm-none-eabi/lib/thumb/v7e-m+dp/hard\libc_nano.a(libc_a-dtoa.o)
 *fill*         0x08011406        0x2 
 .text._dtoa_r  0x08011408      0xabc F:/STM32CubeIDE_1.19.0/STM32CubeIDE/plugins/com.st.stm32cube.ide.mcu.externaltools.gnu-tools-for-stm32.13.3.rel1.win32_1.0.0.202411081344/tools/bin/../lib/gcc/arm-none-eabi/13.3.1/../../../../arm-none-eabi/lib/thumb/v7e-m+dp/hard\libc_nano.a(libc_a-dtoa.o)
                0x08011408                _dtoa_r
 .text._free_r  0x08011ec4       0x94 F:/STM32CubeIDE_1.19.0/STM32CubeIDE/plugins/com.st.stm32cube.ide.mcu.externaltools.gnu-tools-for-stm32.13.3.rel1.win32_1.0.0.202411081344/tools/bin/../lib/gcc/arm-none-eabi/13.3.1/../../../../arm-none-eabi/lib/thumb/v7e-m+dp/hard\libc_nano.a(libc_a-freer.o)
                0x08011ec4                _free_r
 .text.malloc   0x08011f58       0x10 F:/STM32CubeIDE_1.19.0/STM32CubeIDE/plugins/com.st.stm32cube.ide.mcu.externaltools.gnu-tools-for-stm32.13.3.rel1.win32_1.0.0.202411081344/tools/bin/../lib/gcc/arm-none-eabi/13.3.1/../../../../arm-none-eabi/lib/thumb/v7e-m+dp/hard\libc_nano.a(libc_a-malloc.o)
                0x08011f58                malloc
 .text.sbrk_aligned
                0x08011f68       0x44 F:/STM32CubeIDE_1.19.0/STM32CubeIDE/plugins/com.st.stm32cube.ide.mcu.externaltools.gnu-tools-for-stm32.13.3.rel1.win32_1.0.0.202411081344/tools/bin/../lib/gcc/arm-none-eabi/13.3.1/../../../../arm-none-eabi/lib/thumb/v7e-m+dp/hard\libc_nano.a(libc_a-mallocr.o)
 .text._malloc_r
                0x08011fac      0x100 F:/STM32CubeIDE_1.19.0/STM32CubeIDE/plugins/com.st.stm32cube.ide.mcu.externaltools.gnu-tools-for-stm32.13.3.rel1.win32_1.0.0.202411081344/tools/bin/../lib/gcc/arm-none-eabi/13.3.1/../../../../arm-none-eabi/lib/thumb/v7e-m+dp/hard\libc_nano.a(libc_a-mallocr.o)
                0x08011fac                _malloc_r
 .text.__malloc_lock
                0x080120ac        0xc F:/STM32CubeIDE_1.19.0/STM32CubeIDE/plugins/com.st.stm32cube.ide.mcu.externaltools.gnu-tools-for-stm32.13.3.rel1.win32_1.0.0.202411081344/tools/bin/../lib/gcc/arm-none-eabi/13.3.1/../../../../arm-none-eabi/lib/thumb/v7e-m+dp/hard\libc_nano.a(libc_a-mlock.o)
                0x080120ac                __malloc_lock
 .text.__malloc_unlock
                0x080120b8        0xc F:/STM32CubeIDE_1.19.0/STM32CubeIDE/plugins/com.st.stm32cube.ide.mcu.externaltools.gnu-tools-for-stm32.13.3.rel1.win32_1.0.0.202411081344/tools/bin/../lib/gcc/arm-none-eabi/13.3.1/../../../../arm-none-eabi/lib/thumb/v7e-m+dp/hard\libc_nano.a(libc_a-mlock.o)
                0x080120b8                __malloc_unlock
 .text._Balloc  0x080120c4       0x80 F:/STM32CubeIDE_1.19.0/STM32CubeIDE/plugins/com.st.stm32cube.ide.mcu.externaltools.gnu-tools-for-stm32.13.3.rel1.win32_1.0.0.202411081344/tools/bin/../lib/gcc/arm-none-eabi/13.3.1/../../../../arm-none-eabi/lib/thumb/v7e-m+dp/hard\libc_nano.a(libc_a-mprec.o)
                0x080120c4                _Balloc
 .text._Bfree   0x08012144       0x44 F:/STM32CubeIDE_1.19.0/STM32CubeIDE/plugins/com.st.stm32cube.ide.mcu.externaltools.gnu-tools-for-stm32.13.3.rel1.win32_1.0.0.202411081344/tools/bin/../lib/gcc/arm-none-eabi/13.3.1/../../../../arm-none-eabi/lib/thumb/v7e-m+dp/hard\libc_nano.a(libc_a-mprec.o)
                0x08012144                _Bfree
 .text.__multadd
                0x08012188       0x8c F:/STM32CubeIDE_1.19.0/STM32CubeIDE/plugins/com.st.stm32cube.ide.mcu.externaltools.gnu-tools-for-stm32.13.3.rel1.win32_1.0.0.202411081344/tools/bin/../lib/gcc/arm-none-eabi/13.3.1/../../../../arm-none-eabi/lib/thumb/v7e-m+dp/hard\libc_nano.a(libc_a-mprec.o)
                0x08012188                __multadd
 .text.__hi0bits
                0x08012214       0x3e F:/STM32CubeIDE_1.19.0/STM32CubeIDE/plugins/com.st.stm32cube.ide.mcu.externaltools.gnu-tools-for-stm32.13.3.rel1.win32_1.0.0.202411081344/tools/bin/../lib/gcc/arm-none-eabi/13.3.1/../../../../arm-none-eabi/lib/thumb/v7e-m+dp/hard\libc_nano.a(libc_a-mprec.o)
                0x08012214                __hi0bits
 .text.__lo0bits
                0x08012252       0x5a F:/STM32CubeIDE_1.19.0/STM32CubeIDE/plugins/com.st.stm32cube.ide.mcu.externaltools.gnu-tools-for-stm32.13.3.rel1.win32_1.0.0.202411081344/tools/bin/../lib/gcc/arm-none-eabi/13.3.1/../../../../arm-none-eabi/lib/thumb/v7e-m+dp/hard\libc_nano.a(libc_a-mprec.o)
                0x08012252                __lo0bits
 .text.__i2b    0x080122ac       0x2c F:/STM32CubeIDE_1.19.0/STM32CubeIDE/plugins/com.st.stm32cube.ide.mcu.externaltools.gnu-tools-for-stm32.13.3.rel1.win32_1.0.0.202411081344/tools/bin/../lib/gcc/arm-none-eabi/13.3.1/../../../../arm-none-eabi/lib/thumb/v7e-m+dp/hard\libc_nano.a(libc_a-mprec.o)
                0x080122ac                __i2b
 .text.__multiply
                0x080122d8      0x144 F:/STM32CubeIDE_1.19.0/STM32CubeIDE/plugins/com.st.stm32cube.ide.mcu.externaltools.gnu-tools-for-stm32.13.3.rel1.win32_1.0.0.202411081344/tools/bin/../lib/gcc/arm-none-eabi/13.3.1/../../../../arm-none-eabi/lib/thumb/v7e-m+dp/hard\libc_nano.a(libc_a-mprec.o)
                0x080122d8                __multiply
 .text.__pow5mult
                0x0801241c       0xb4 F:/STM32CubeIDE_1.19.0/STM32CubeIDE/plugins/com.st.stm32cube.ide.mcu.externaltools.gnu-tools-for-stm32.13.3.rel1.win32_1.0.0.202411081344/tools/bin/../lib/gcc/arm-none-eabi/13.3.1/../../../../arm-none-eabi/lib/thumb/v7e-m+dp/hard\libc_nano.a(libc_a-mprec.o)
                0x0801241c                __pow5mult
 .text.__lshift
                0x080124d0       0xd8 F:/STM32CubeIDE_1.19.0/STM32CubeIDE/plugins/com.st.stm32cube.ide.mcu.externaltools.gnu-tools-for-stm32.13.3.rel1.win32_1.0.0.202411081344/tools/bin/../lib/gcc/arm-none-eabi/13.3.1/../../../../arm-none-eabi/lib/thumb/v7e-m+dp/hard\libc_nano.a(libc_a-mprec.o)
                0x080124d0                __lshift
 .text.__mcmp   0x080125a8       0x36 F:/STM32CubeIDE_1.19.0/STM32CubeIDE/plugins/com.st.stm32cube.ide.mcu.externaltools.gnu-tools-for-stm32.13.3.rel1.win32_1.0.0.202411081344/tools/bin/../lib/gcc/arm-none-eabi/13.3.1/../../../../arm-none-eabi/lib/thumb/v7e-m+dp/hard\libc_nano.a(libc_a-mprec.o)
                0x080125a8                __mcmp
 *fill*         0x080125de        0x2 
 .text.__mdiff  0x080125e0      0x128 F:/STM32CubeIDE_1.19.0/STM32CubeIDE/plugins/com.st.stm32cube.ide.mcu.externaltools.gnu-tools-for-stm32.13.3.rel1.win32_1.0.0.202411081344/tools/bin/../lib/gcc/arm-none-eabi/13.3.1/../../../../arm-none-eabi/lib/thumb/v7e-m+dp/hard\libc_nano.a(libc_a-mprec.o)
                0x080125e0                __mdiff
 .text.__d2b    0x08012708       0xb0 F:/STM32CubeIDE_1.19.0/STM32CubeIDE/plugins/com.st.stm32cube.ide.mcu.externaltools.gnu-tools-for-stm32.13.3.rel1.win32_1.0.0.202411081344/tools/bin/../lib/gcc/arm-none-eabi/13.3.1/../../../../arm-none-eabi/lib/thumb/v7e-m+dp/hard\libc_nano.a(libc_a-mprec.o)
                0x08012708                __d2b
 .text.__ssputs_r
                0x080127b8       0xb6 F:/STM32CubeIDE_1.19.0/STM32CubeIDE/plugins/com.st.stm32cube.ide.mcu.externaltools.gnu-tools-for-stm32.13.3.rel1.win32_1.0.0.202411081344/tools/bin/../lib/gcc/arm-none-eabi/13.3.1/../../../../arm-none-eabi/lib/thumb/v7e-m+dp/hard\libc_nano.a(libc_a-nano-svfprintf.o)
                0x080127b8                __ssputs_r
 *fill*         0x0801286e        0x2 
 .text._svfprintf_r
                0x08012870      0x1f8 F:/STM32CubeIDE_1.19.0/STM32CubeIDE/plugins/com.st.stm32cube.ide.mcu.externaltools.gnu-tools-for-stm32.13.3.rel1.win32_1.0.0.202411081344/tools/bin/../lib/gcc/arm-none-eabi/13.3.1/../../../../arm-none-eabi/lib/thumb/v7e-m+dp/hard\libc_nano.a(libc_a-nano-svfprintf.o)
                0x08012870                _svfiprintf_r
                0x08012870                _svfprintf_r
 .text.__sflush_r
                0x08012a68      0x108 F:/STM32CubeIDE_1.19.0/STM32CubeIDE/plugins/com.st.stm32cube.ide.mcu.externaltools.gnu-tools-for-stm32.13.3.rel1.win32_1.0.0.202411081344/tools/bin/../lib/gcc/arm-none-eabi/13.3.1/../../../../arm-none-eabi/lib/thumb/v7e-m+dp/hard\libc_nano.a(libc_a-fflush.o)
                0x08012a68                __sflush_r
 .text._fflush_r
                0x08012b70       0x50 F:/STM32CubeIDE_1.19.0/STM32CubeIDE/plugins/com.st.stm32cube.ide.mcu.externaltools.gnu-tools-for-stm32.13.3.rel1.win32_1.0.0.202411081344/tools/bin/../lib/gcc/arm-none-eabi/13.3.1/../../../../arm-none-eabi/lib/thumb/v7e-m+dp/hard\libc_nano.a(libc_a-fflush.o)
                0x08012b70                _fflush_r
 .text.memmove  0x08012bc0       0x34 F:/STM32CubeIDE_1.19.0/STM32CubeIDE/plugins/com.st.stm32cube.ide.mcu.externaltools.gnu-tools-for-stm32.13.3.rel1.win32_1.0.0.202411081344/tools/bin/../lib/gcc/arm-none-eabi/13.3.1/../../../../arm-none-eabi/lib/thumb/v7e-m+dp/hard\libc_nano.a(libc_a-memmove.o)
                0x08012bc0                memmove
 .text._sbrk_r  0x08012bf4       0x20 F:/STM32CubeIDE_1.19.0/STM32CubeIDE/plugins/com.st.stm32cube.ide.mcu.externaltools.gnu-tools-for-stm32.13.3.rel1.win32_1.0.0.202411081344/tools/bin/../lib/gcc/arm-none-eabi/13.3.1/../../../../arm-none-eabi/lib/thumb/v7e-m+dp/hard\libc_nano.a(libc_a-sbrkr.o)
                0x08012bf4                _sbrk_r
 .text.__assert_func
                0x08012c14       0x3c F:/STM32CubeIDE_1.19.0/STM32CubeIDE/plugins/com.st.stm32cube.ide.mcu.externaltools.gnu-tools-for-stm32.13.3.rel1.win32_1.0.0.202411081344/tools/bin/../lib/gcc/arm-none-eabi/13.3.1/../../../../arm-none-eabi/lib/thumb/v7e-m+dp/hard\libc_nano.a(libc_a-assert.o)
                0x08012c14                __assert_func
 .text._calloc_r
                0x08012c50       0x28 F:/STM32CubeIDE_1.19.0/STM32CubeIDE/plugins/com.st.stm32cube.ide.mcu.externaltools.gnu-tools-for-stm32.13.3.rel1.win32_1.0.0.202411081344/tools/bin/../lib/gcc/arm-none-eabi/13.3.1/../../../../arm-none-eabi/lib/thumb/v7e-m+dp/hard\libc_nano.a(libc_a-callocr.o)
                0x08012c50                _calloc_r
 .text.__ascii_mbtowc
                0x08012c78       0x24 F:/STM32CubeIDE_1.19.0/STM32CubeIDE/plugins/com.st.stm32cube.ide.mcu.externaltools.gnu-tools-for-stm32.13.3.rel1.win32_1.0.0.202411081344/tools/bin/../lib/gcc/arm-none-eabi/13.3.1/../../../../arm-none-eabi/lib/thumb/v7e-m+dp/hard\libc_nano.a(libc_a-mbtowc_r.o)
                0x08012c78                __ascii_mbtowc
 .text._realloc_r
                0x08012c9c       0x5c F:/STM32CubeIDE_1.19.0/STM32CubeIDE/plugins/com.st.stm32cube.ide.mcu.externaltools.gnu-tools-for-stm32.13.3.rel1.win32_1.0.0.202411081344/tools/bin/../lib/gcc/arm-none-eabi/13.3.1/../../../../arm-none-eabi/lib/thumb/v7e-m+dp/hard\libc_nano.a(libc_a-reallocr.o)
                0x08012c9c                _realloc_r
 .text.__ascii_wctomb
                0x08012cf8       0x1a F:/STM32CubeIDE_1.19.0/STM32CubeIDE/plugins/com.st.stm32cube.ide.mcu.externaltools.gnu-tools-for-stm32.13.3.rel1.win32_1.0.0.202411081344/tools/bin/../lib/gcc/arm-none-eabi/13.3.1/../../../../arm-none-eabi/lib/thumb/v7e-m+dp/hard\libc_nano.a(libc_a-wctomb_r.o)
                0x08012cf8                __ascii_wctomb
 *fill*         0x08012d12        0x2 
 .text.fprintf  0x08012d14       0x24 F:/STM32CubeIDE_1.19.0/STM32CubeIDE/plugins/com.st.stm32cube.ide.mcu.externaltools.gnu-tools-for-stm32.13.3.rel1.win32_1.0.0.202411081344/tools/bin/../lib/gcc/arm-none-eabi/13.3.1/../../../../arm-none-eabi/lib/thumb/v7e-m+dp/hard\libc_nano.a(libc_a-fprintf.o)
                0x08012d14                fiprintf
                0x08012d14                fprintf
 .text.abort    0x08012d38        0xe F:/STM32CubeIDE_1.19.0/STM32CubeIDE/plugins/com.st.stm32cube.ide.mcu.externaltools.gnu-tools-for-stm32.13.3.rel1.win32_1.0.0.202411081344/tools/bin/../lib/gcc/arm-none-eabi/13.3.1/../../../../arm-none-eabi/lib/thumb/v7e-m+dp/hard\libc_nano.a(libc_a-abort.o)
                0x08012d38                abort
 .text._malloc_usable_size_r
                0x08012d46       0x10 F:/STM32CubeIDE_1.19.0/STM32CubeIDE/plugins/com.st.stm32cube.ide.mcu.externaltools.gnu-tools-for-stm32.13.3.rel1.win32_1.0.0.202411081344/tools/bin/../lib/gcc/arm-none-eabi/13.3.1/../../../../arm-none-eabi/lib/thumb/v7e-m+dp/hard\libc_nano.a(libc_a-msizer.o)
                0x08012d46                _malloc_usable_size_r
 .text.__sfputc_r
                0x08012d56       0x2e F:/STM32CubeIDE_1.19.0/STM32CubeIDE/plugins/com.st.stm32cube.ide.mcu.externaltools.gnu-tools-for-stm32.13.3.rel1.win32_1.0.0.202411081344/tools/bin/../lib/gcc/arm-none-eabi/13.3.1/../../../../arm-none-eabi/lib/thumb/v7e-m+dp/hard\libc_nano.a(libc_a-nano-vfprintf.o)
 .text.__sfputs_r
                0x08012d84       0x24 F:/STM32CubeIDE_1.19.0/STM32CubeIDE/plugins/com.st.stm32cube.ide.mcu.externaltools.gnu-tools-for-stm32.13.3.rel1.win32_1.0.0.202411081344/tools/bin/../lib/gcc/arm-none-eabi/13.3.1/../../../../arm-none-eabi/lib/thumb/v7e-m+dp/hard\libc_nano.a(libc_a-nano-vfprintf.o)
                0x08012d84                __sfputs_r
 .text._vfprintf_r
                0x08012da8      0x230 F:/STM32CubeIDE_1.19.0/STM32CubeIDE/plugins/com.st.stm32cube.ide.mcu.externaltools.gnu-tools-for-stm32.13.3.rel1.win32_1.0.0.202411081344/tools/bin/../lib/gcc/arm-none-eabi/13.3.1/../../../../arm-none-eabi/lib/thumb/v7e-m+dp/hard\libc_nano.a(libc_a-nano-vfprintf.o)
                0x08012da8                _vfprintf_r
                0x08012da8                _vfiprintf_r
 .text.__swbuf_r
                0x08012fd8       0x7c F:/STM32CubeIDE_1.19.0/STM32CubeIDE/plugins/com.st.stm32cube.ide.mcu.externaltools.gnu-tools-for-stm32.13.3.rel1.win32_1.0.0.202411081344/tools/bin/../lib/gcc/arm-none-eabi/13.3.1/../../../../arm-none-eabi/lib/thumb/v7e-m+dp/hard\libc_nano.a(libc_a-wbuf.o)
                0x08012fd8                __swbuf_r
 .text.__swsetup_r
                0x08013054       0xac F:/STM32CubeIDE_1.19.0/STM32CubeIDE/plugins/com.st.stm32cube.ide.mcu.externaltools.gnu-tools-for-stm32.13.3.rel1.win32_1.0.0.202411081344/tools/bin/../lib/gcc/arm-none-eabi/13.3.1/../../../../arm-none-eabi/lib/thumb/v7e-m+dp/hard\libc_nano.a(libc_a-wsetup.o)
                0x08013054                __swsetup_r
 .text._raise_r
                0x08013100       0x50 F:/STM32CubeIDE_1.19.0/STM32CubeIDE/plugins/com.st.stm32cube.ide.mcu.externaltools.gnu-tools-for-stm32.13.3.rel1.win32_1.0.0.202411081344/tools/bin/../lib/gcc/arm-none-eabi/13.3.1/../../../../arm-none-eabi/lib/thumb/v7e-m+dp/hard\libc_nano.a(libc_a-signal.o)
                0x08013100                _raise_r
 .text.raise    0x08013150       0x10 F:/STM32CubeIDE_1.19.0/STM32CubeIDE/plugins/com.st.stm32cube.ide.mcu.externaltools.gnu-tools-for-stm32.13.3.rel1.win32_1.0.0.202411081344/tools/bin/../lib/gcc/arm-none-eabi/13.3.1/../../../../arm-none-eabi/lib/thumb/v7e-m+dp/hard\libc_nano.a(libc_a-signal.o)
                0x08013150                raise
 .text._kill_r  0x08013160       0x24 F:/STM32CubeIDE_1.19.0/STM32CubeIDE/plugins/com.st.stm32cube.ide.mcu.externaltools.gnu-tools-for-stm32.13.3.rel1.win32_1.0.0.202411081344/tools/bin/../lib/gcc/arm-none-eabi/13.3.1/../../../../arm-none-eabi/lib/thumb/v7e-m+dp/hard\libc_nano.a(libc_a-signalr.o)
                0x08013160                _kill_r
 .text._getpid_r
                0x08013184        0x4 F:/STM32CubeIDE_1.19.0/STM32CubeIDE/plugins/com.st.stm32cube.ide.mcu.externaltools.gnu-tools-for-stm32.13.3.rel1.win32_1.0.0.202411081344/tools/bin/../lib/gcc/arm-none-eabi/13.3.1/../../../../arm-none-eabi/lib/thumb/v7e-m+dp/hard\libc_nano.a(libc_a-signalr.o)
                0x08013184                _getpid_r
 .text.__swhatbuf_r
                0x08013188       0x4c F:/STM32CubeIDE_1.19.0/STM32CubeIDE/plugins/com.st.stm32cube.ide.mcu.externaltools.gnu-tools-for-stm32.13.3.rel1.win32_1.0.0.202411081344/tools/bin/../lib/gcc/arm-none-eabi/13.3.1/../../../../arm-none-eabi/lib/thumb/v7e-m+dp/hard\libc_nano.a(libc_a-makebuf.o)
                0x08013188                __swhatbuf_r
 .text.__smakebuf_r
                0x080131d4       0x78 F:/STM32CubeIDE_1.19.0/STM32CubeIDE/plugins/com.st.stm32cube.ide.mcu.externaltools.gnu-tools-for-stm32.13.3.rel1.win32_1.0.0.202411081344/tools/bin/../lib/gcc/arm-none-eabi/13.3.1/../../../../arm-none-eabi/lib/thumb/v7e-m+dp/hard\libc_nano.a(libc_a-makebuf.o)
                0x080131d4                __smakebuf_r
 .text._fstat_r
                0x0801324c       0x24 F:/STM32CubeIDE_1.19.0/STM32CubeIDE/plugins/com.st.stm32cube.ide.mcu.externaltools.gnu-tools-for-stm32.13.3.rel1.win32_1.0.0.202411081344/tools/bin/../lib/gcc/arm-none-eabi/13.3.1/../../../../arm-none-eabi/lib/thumb/v7e-m+dp/hard\libc_nano.a(libc_a-fstatr.o)
                0x0801324c                _fstat_r
 .text._isatty_r
                0x08013270       0x20 F:/STM32CubeIDE_1.19.0/STM32CubeIDE/plugins/com.st.stm32cube.ide.mcu.externaltools.gnu-tools-for-stm32.13.3.rel1.win32_1.0.0.202411081344/tools/bin/../lib/gcc/arm-none-eabi/13.3.1/../../../../arm-none-eabi/lib/thumb/v7e-m+dp/hard\libc_nano.a(libc_a-isattyr.o)
                0x08013270                _isatty_r
 .text.log10f   0x08013290       0x5c F:/STM32CubeIDE_1.19.0/STM32CubeIDE/plugins/com.st.stm32cube.ide.mcu.externaltools.gnu-tools-for-stm32.13.3.rel1.win32_1.0.0.202411081344/tools/bin/../lib/gcc/arm-none-eabi/13.3.1/../../../../arm-none-eabi/lib/thumb/v7e-m+dp/hard\libm.a(libm_a-wf_log10.o)
                0x08013290                log10f
 .text.nanf     0x080132ec        0xc F:/STM32CubeIDE_1.19.0/STM32CubeIDE/plugins/com.st.stm32cube.ide.mcu.externaltools.gnu-tools-for-stm32.13.3.rel1.win32_1.0.0.202411081344/tools/bin/../lib/gcc/arm-none-eabi/13.3.1/../../../../arm-none-eabi/lib/thumb/v7e-m+dp/hard\libm.a(libm_a-sf_nan.o)
                0x080132ec                nanf
 .text.sinf_poly
                0x080132f8       0x54 F:/STM32CubeIDE_1.19.0/STM32CubeIDE/plugins/com.st.stm32cube.ide.mcu.externaltools.gnu-tools-for-stm32.13.3.rel1.win32_1.0.0.202411081344/tools/bin/../lib/gcc/arm-none-eabi/13.3.1/../../../../arm-none-eabi/lib/thumb/v7e-m+dp/hard\libm.a(libm_a-sinf.o)
 *fill*         0x0801334c        0x4 
 .text.sinf     0x08013350      0x130 F:/STM32CubeIDE_1.19.0/STM32CubeIDE/plugins/com.st.stm32cube.ide.mcu.externaltools.gnu-tools-for-stm32.13.3.rel1.win32_1.0.0.202411081344/tools/bin/../lib/gcc/arm-none-eabi/13.3.1/../../../../arm-none-eabi/lib/thumb/v7e-m+dp/hard\libm.a(libm_a-sinf.o)
                0x08013350                sinf
 .text.with_errnof
                0x08013480       0x1c F:/STM32CubeIDE_1.19.0/STM32CubeIDE/plugins/com.st.stm32cube.ide.mcu.externaltools.gnu-tools-for-stm32.13.3.rel1.win32_1.0.0.202411081344/tools/bin/../lib/gcc/arm-none-eabi/13.3.1/../../../../arm-none-eabi/lib/thumb/v7e-m+dp/hard\libm.a(libm_a-math_errf.o)
 .text.__math_divzerof
                0x0801349c       0x24 F:/STM32CubeIDE_1.19.0/STM32CubeIDE/plugins/com.st.stm32cube.ide.mcu.externaltools.gnu-tools-for-stm32.13.3.rel1.win32_1.0.0.202411081344/tools/bin/../lib/gcc/arm-none-eabi/13.3.1/../../../../arm-none-eabi/lib/thumb/v7e-m+dp/hard\libm.a(libm_a-math_errf.o)
                0x0801349c                __math_divzerof
 .text.__math_invalidf
                0x080134c0       0x1e F:/STM32CubeIDE_1.19.0/STM32CubeIDE/plugins/com.st.stm32cube.ide.mcu.externaltools.gnu-tools-for-stm32.13.3.rel1.win32_1.0.0.202411081344/tools/bin/../lib/gcc/arm-none-eabi/13.3.1/../../../../arm-none-eabi/lib/thumb/v7e-m+dp/hard\libm.a(libm_a-math_errf.o)
                0x080134c0                __math_invalidf
 *fill*         0x080134de        0x2 
 .text.__ieee754_log10f
                0x080134e0       0xb0 F:/STM32CubeIDE_1.19.0/STM32CubeIDE/plugins/com.st.stm32cube.ide.mcu.externaltools.gnu-tools-for-stm32.13.3.rel1.win32_1.0.0.202411081344/tools/bin/../lib/gcc/arm-none-eabi/13.3.1/../../../../arm-none-eabi/lib/thumb/v7e-m+dp/hard\libm.a(libm_a-ef_log10.o)
                0x080134e0                __ieee754_log10f
 .text.logf     0x08013590       0xcc F:/STM32CubeIDE_1.19.0/STM32CubeIDE/plugins/com.st.stm32cube.ide.mcu.externaltools.gnu-tools-for-stm32.13.3.rel1.win32_1.0.0.202411081344/tools/bin/../lib/gcc/arm-none-eabi/13.3.1/../../../../arm-none-eabi/lib/thumb/v7e-m+dp/hard\libm.a(libm_a-sf_log.o)
                0x08013590                logf
 *(.glue_7)
 .glue_7        0x0801365c        0x0 linker stubs
 *(.glue_7t)
 .glue_7t       0x0801365c        0x0 linker stubs
 *(.eh_frame)
 .eh_frame      0x0801365c        0x0 F:/STM32CubeIDE_1.19.0/STM32CubeIDE/plugins/com.st.stm32cube.ide.mcu.externaltools.gnu-tools-for-stm32.13.3.rel1.win32_1.0.0.202411081344/tools/bin/../lib/gcc/arm-none-eabi/13.3.1/thumb/v7e-m+dp/hard/crtbegin.o
 *(.init)
 .init          0x0801365c        0x4 F:/STM32CubeIDE_1.19.0/STM32CubeIDE/plugins/com.st.stm32cube.ide.mcu.externaltools.gnu-tools-for-stm32.13.3.rel1.win32_1.0.0.202411081344/tools/bin/../lib/gcc/arm-none-eabi/13.3.1/thumb/v7e-m+dp/hard/crti.o
                0x0801365c                _init
 .init          0x08013660        0x8 F:/STM32CubeIDE_1.19.0/STM32CubeIDE/plugins/com.st.stm32cube.ide.mcu.externaltools.gnu-tools-for-stm32.13.3.rel1.win32_1.0.0.202411081344/tools/bin/../lib/gcc/arm-none-eabi/13.3.1/thumb/v7e-m+dp/hard/crtn.o
 *(.fini)
 .fini          0x08013668        0x4 F:/STM32CubeIDE_1.19.0/STM32CubeIDE/plugins/com.st.stm32cube.ide.mcu.externaltools.gnu-tools-for-stm32.13.3.rel1.win32_1.0.0.202411081344/tools/bin/../lib/gcc/arm-none-eabi/13.3.1/thumb/v7e-m+dp/hard/crti.o
                0x08013668                _fini
 .fini          0x0801366c        0x8 F:/STM32CubeIDE_1.19.0/STM32CubeIDE/plugins/com.st.stm32cube.ide.mcu.externaltools.gnu-tools-for-stm32.13.3.rel1.win32_1.0.0.202411081344/tools/bin/../lib/gcc/arm-none-eabi/13.3.1/thumb/v7e-m+dp/hard/crtn.o
                0x08013674                        . = ALIGN (0x4)
                0x08013674                        _etext = .

.vfp11_veneer   0x08013674        0x0
 .vfp11_veneer  0x08013674        0x0 linker stubs

.v4_bx          0x08013674        0x0
 .v4_bx         0x08013674        0x0 linker stubs

.iplt           0x08013674        0x0
 .iplt          0x08013674        0x0 F:/STM32CubeIDE_1.19.0/STM32CubeIDE/plugins/com.st.stm32cube.ide.mcu.externaltools.gnu-tools-for-stm32.13.3.rel1.win32_1.0.0.202411081344/tools/bin/../lib/gcc/arm-none-eabi/13.3.1/thumb/v7e-m+dp/hard/crtbegin.o

.rodata         0x08013678    0x14c48
                0x08013678                        . = ALIGN (0x4)
 *(.rodata)
 .rodata        0x08013678       0xf0 ./Core/Src/menu.o
 .rodata        0x08013768       0x37 ./Core/Src/viz.o
 *(.rodata*)
 *fill*         0x0801379f        0x1 
 .rodata.D1CorePrescTable
                0x080137a0       0x10 ./Common/Src/system_stm32h7xx_dualcore_boot_cm4_cm7.o
                0x080137a0                D1CorePrescTable
 .rodata.OLED_F8x16
                0x080137b0      0x5f0 ./Core/Src/OLED_Data.o
                0x080137b0                OLED_F8x16
 .rodata.OLED_F6x8
                0x08013da0      0x23a ./Core/Src/OLED_Data.o
                0x08013da0                OLED_F6x8
 *fill*         0x08013fda        0x2 
 .rodata.flagBitshiftOffset.0
                0x08013fdc        0x8 ./Drivers/STM32H7xx_HAL_Driver/stm32h7xx_hal_dma.o
 .rodata.UARTPrescTable
                0x08013fe4       0x18 ./Drivers/STM32H7xx_HAL_Driver/stm32h7xx_hal_uart.o
                0x08013fe4                UARTPrescTable
 .rodata.numerator.1
                0x08013ffc        0x8 ./Drivers/STM32H7xx_HAL_Driver/stm32h7xx_hal_uart_ex.o
 .rodata.denominator.0
                0x08014004        0x8 ./Drivers/STM32H7xx_HAL_Driver/stm32h7xx_hal_uart_ex.o
 .rodata.twiddleCoef_16
                0x0801400c       0x80 ./dsp1/arm_common_tables.o
                0x0801400c                twiddleCoef_16
 .rodata.twiddleCoef_32
                0x0801408c      0x100 ./dsp1/arm_common_tables.o
                0x0801408c                twiddleCoef_32
 .rodata.twiddleCoef_64
                0x0801418c      0x200 ./dsp1/arm_common_tables.o
                0x0801418c                twiddleCoef_64
 .rodata.twiddleCoef_128
                0x0801438c      0x400 ./dsp1/arm_common_tables.o
                0x0801438c                twiddleCoef_128
 .rodata.twiddleCoef_256
                0x0801478c      0x800 ./dsp1/arm_common_tables.o
                0x0801478c                twiddleCoef_256
 .rodata.twiddleCoef_512
                0x08014f8c     0x1000 ./dsp1/arm_common_tables.o
                0x08014f8c                twiddleCoef_512
 .rodata.twiddleCoef_1024
                0x08015f8c     0x2000 ./dsp1/arm_common_tables.o
                0x08015f8c                twiddleCoef_1024
 .rodata.twiddleCoef_2048
                0x08017f8c     0x4000 ./dsp1/arm_common_tables.o
                0x08017f8c                twiddleCoef_2048
 .rodata.armBitRevIndexTable16
                0x0801bf8c       0x28 ./dsp1/arm_common_tables.o
                0x0801bf8c                armBitRevIndexTable16
 .rodata.armBitRevIndexTable32
                0x0801bfb4       0x60 ./dsp1/arm_common_tables.o
                0x0801bfb4                armBitRevIndexTable32
 .rodata.armBitRevIndexTable64
                0x0801c014       0x70 ./dsp1/arm_common_tables.o
                0x0801c014                armBitRevIndexTable64
 .rodata.armBitRevIndexTable128
                0x0801c084      0x1a0 ./dsp1/arm_common_tables.o
                0x0801c084                armBitRevIndexTable128
 .rodata.armBitRevIndexTable256
                0x0801c224      0x370 ./dsp1/arm_common_tables.o
                0x0801c224                armBitRevIndexTable256
 .rodata.armBitRevIndexTable512
                0x0801c594      0x380 ./dsp1/arm_common_tables.o
                0x0801c594                armBitRevIndexTable512
 .rodata.armBitRevIndexTable1024
                0x0801c914      0xe10 ./dsp1/arm_common_tables.o
                0x0801c914                armBitRevIndexTable1024
 .rodata.armBitRevIndexTable2048
                0x0801d724     0x1dc0 ./dsp1/arm_common_tables.o
                0x0801d724                armBitRevIndexTable2048
 .rodata.twiddleCoef_rfft_32
                0x0801f4e4       0x80 ./dsp1/arm_common_tables.o
                0x0801f4e4                twiddleCoef_rfft_32
 .rodata.twiddleCoef_rfft_64
                0x0801f564      0x100 ./dsp1/arm_common_tables.o
                0x0801f564                twiddleCoef_rfft_64
 .rodata.twiddleCoef_rfft_128
                0x0801f664      0x200 ./dsp1/arm_common_tables.o
                0x0801f664                twiddleCoef_rfft_128
 .rodata.twiddleCoef_rfft_256
                0x0801f864      0x400 ./dsp1/arm_common_tables.o
                0x0801f864                twiddleCoef_rfft_256
 .rodata.twiddleCoef_rfft_512
                0x0801fc64      0x800 ./dsp1/arm_common_tables.o
                0x0801fc64                twiddleCoef_rfft_512
 .rodata.twiddleCoef_rfft_1024
                0x08020464     0x1000 ./dsp1/arm_common_tables.o
                0x08020464                twiddleCoef_rfft_1024
 .rodata.twiddleCoef_rfft_2048
                0x08021464     0x2000 ./dsp1/arm_common_tables.o
                0x08021464                twiddleCoef_rfft_2048
 .rodata.twiddleCoef_rfft_4096
                0x08023464     0x4000 ./dsp1/arm_common_tables.o
                0x08023464                twiddleCoef_rfft_4096
 .rodata.sinTable_f32
                0x08027464      0x804 ./dsp1/arm_common_tables.o
                0x08027464                sinTable_f32
 .rodata.arm_cfft_sR_f32_len16
                0x08027c68       0x10 ./dsp1/arm_const_structs.o
                0x08027c68                arm_cfft_sR_f32_len16
 .rodata.arm_cfft_sR_f32_len32
                0x08027c78       0x10 ./dsp1/arm_const_structs.o
                0x08027c78                arm_cfft_sR_f32_len32
 .rodata.arm_cfft_sR_f32_len64
                0x08027c88       0x10 ./dsp1/arm_const_structs.o
                0x08027c88                arm_cfft_sR_f32_len64
 .rodata.arm_cfft_sR_f32_len128
                0x08027c98       0x10 ./dsp1/arm_const_structs.o
                0x08027c98                arm_cfft_sR_f32_len128
 .rodata.arm_cfft_sR_f32_len256
                0x08027ca8       0x10 ./dsp1/arm_const_structs.o
                0x08027ca8                arm_cfft_sR_f32_len256
 .rodata.arm_cfft_sR_f32_len512
                0x08027cb8       0x10 ./dsp1/arm_const_structs.o
                0x08027cb8                arm_cfft_sR_f32_len512
 .rodata.arm_cfft_sR_f32_len1024
                0x08027cc8       0x10 ./dsp1/arm_const_structs.o
                0x08027cc8                arm_cfft_sR_f32_len1024
 .rodata.arm_cfft_sR_f32_len2048
                0x08027cd8       0x10 ./dsp1/arm_const_structs.o
                0x08027cd8                arm_cfft_sR_f32_len2048
 .rodata._printf_float.str1.1
                0x08027ce8      0x171 F:/STM32CubeIDE_1.19.0/STM32CubeIDE/plugins/com.st.stm32cube.ide.mcu.externaltools.gnu-tools-for-stm32.13.3.rel1.win32_1.0.0.202411081344/tools/bin/../lib/gcc/arm-none-eabi/13.3.1/../../../../arm-none-eabi/lib/thumb/v7e-m+dp/hard\libc_nano.a(libc_a-nano-vfprintf_float.o)
                                 0x12 (size before relaxing)
 .rodata._printf_i.str1.1