../Core/Src/OLED.c:96:26:OLED_I2C_Write	64	static
../Core/Src/OLED.c:126:6:OLED_WriteCommand	16	static
../Core/Src/OLED.c:139:6:OLED_WriteData	16	static
../Core/Src/OLED.c:157:6:OLED_Init	8	static
../Core/Src/OLED.c:213:6:OLED_SetCursor	16	static
../Core/Src/OLED.c:240:10:OLED_Pow	24	static
../Core/Src/OLED.c:257:9:OLED_pnpoly	32	static
../Core/Src/OLED.c:281:9:OLED_IsInAngle	32	static
../Core/Src/OLED.c:318:6:OLED_Update	16	static
../Core/Src/OLED.c:345:6:OLED_UpdateArea	32	static
../Core/Src/OLED.c:379:6:OLED_Clear	16	static
../Core/Src/OLED.c:400:6:OLED_ClearArea	24	static
../Core/Src/OLED.c:422:6:OLED_Reverse	16	static
../Core/Src/OLED.c:443:6:OLED_ReverseArea	24	static
../Core/Src/OLED.c:470:6:OLED_ShowChar	32	static
../Core/Src/OLED.c:495:6:OLED_ShowString	32	static
../Core/Src/OLED.c:517:6:OLED_ShowNum	40	static
../Core/Src/OLED.c:541:6:OLED_ShowSignedNum	40	static
../Core/Src/OLED.c:578:6:OLED_ShowHexNum	32	static
../Core/Src/OLED.c:613:6:OLED_ShowBinNum	40	static
../Core/Src/OLED.c:638:6:OLED_ShowFloatNum	56	static
../Core/Src/OLED.c:679:6:OLED_ShowChinese	32	static
../Core/Src/OLED.c:723:6:OLED_ShowImage	32	static
../Core/Src/OLED.c:777:6:OLED_Printf	284	static
../Core/Src/OLED.c:794:6:OLED_DrawPoint	16	static
../Core/Src/OLED.c:809:9:OLED_GetPoint	16	static
../Core/Src/OLED.c:832:6:OLED_DrawLine	56	static
../Core/Src/OLED.c:946:6:OLED_DrawRectangle	32	static
../Core/Src/OLED.c:993:6:OLED_DrawTriangle	64	static
../Core/Src/OLED.c:1048:6:OLED_DrawCircle	32	static
../Core/Src/OLED.c:1132:6:OLED_DrawEllipse	48	static
../Core/Src/OLED.c:1245:6:OLED_DrawArc	32	static
